Archive member included to satisfy reference by file (symbol)

C:/ST/STM32CubeIDE_2.0.0/STM32CubeIDE/plugins/com.st.stm32cube.ide.mcu.externaltools.gnu-tools-for-stm32.13.3.rel1.win32_1.0.100.202509120712/tools/bin/../lib/gcc/arm-none-eabi/13.3.1/../../../../arm-none-eabi/lib/thumb/v7e-m+fp/hard\libc_nano.a(libc_a-exit.o)
                              C:/ST/STM32CubeIDE_2.0.0/STM32CubeIDE/plugins/com.st.stm32cube.ide.mcu.externaltools.gnu-tools-for-stm32.13.3.rel1.win32_1.0.100.202509120712/tools/bin/../lib/gcc/arm-none-eabi/13.3.1/../../../../arm-none-eabi/lib/thumb/v7e-m+fp/hard/crt0.o (exit)
C:/ST/STM32CubeIDE_2.0.0/STM32CubeIDE/plugins/com.st.stm32cube.ide.mcu.externaltools.gnu-tools-for-stm32.13.3.rel1.win32_1.0.100.202509120712/tools/bin/../lib/gcc/arm-none-eabi/13.3.1/../../../../arm-none-eabi/lib/thumb/v7e-m+fp/hard\libc_nano.a(libc_a-findfp.o)
                              C:/ST/STM32CubeIDE_2.0.0/STM32CubeIDE/plugins/com.st.stm32cube.ide.mcu.externaltools.gnu-tools-for-stm32.13.3.rel1.win32_1.0.100.202509120712/tools/bin/../lib/gcc/arm-none-eabi/13.3.1/../../../../arm-none-eabi/lib/thumb/v7e-m+fp/hard\libc_nano.a(libc_a-exit.o) (__stdio_exit_handler)
C:/ST/STM32CubeIDE_2.0.0/STM32CubeIDE/plugins/com.st.stm32cube.ide.mcu.externaltools.gnu-tools-for-stm32.13.3.rel1.win32_1.0.100.202509120712/tools/bin/../lib/gcc/arm-none-eabi/13.3.1/../../../../arm-none-eabi/lib/thumb/v7e-m+fp/hard\libc_nano.a(libc_a-fwalk.o)
                              C:/ST/STM32CubeIDE_2.0.0/STM32CubeIDE/plugins/com.st.stm32cube.ide.mcu.externaltools.gnu-tools-for-stm32.13.3.rel1.win32_1.0.100.202509120712/tools/bin/../lib/gcc/arm-none-eabi/13.3.1/../../../../arm-none-eabi/lib/thumb/v7e-m+fp/hard\libc_nano.a(libc_a-findfp.o) (_fwalk_sglue)
C:/ST/STM32CubeIDE_2.0.0/STM32CubeIDE/plugins/com.st.stm32cube.ide.mcu.externaltools.gnu-tools-for-stm32.13.3.rel1.win32_1.0.100.202509120712/tools/bin/../lib/gcc/arm-none-eabi/13.3.1/../../../../arm-none-eabi/lib/thumb/v7e-m+fp/hard\libc_nano.a(libc_a-stdio.o)
                              C:/ST/STM32CubeIDE_2.0.0/STM32CubeIDE/plugins/com.st.stm32cube.ide.mcu.externaltools.gnu-tools-for-stm32.13.3.rel1.win32_1.0.100.202509120712/tools/bin/../lib/gcc/arm-none-eabi/13.3.1/../../../../arm-none-eabi/lib/thumb/v7e-m+fp/hard\libc_nano.a(libc_a-findfp.o) (__sread)
C:/ST/STM32CubeIDE_2.0.0/STM32CubeIDE/plugins/com.st.stm32cube.ide.mcu.externaltools.gnu-tools-for-stm32.13.3.rel1.win32_1.0.100.202509120712/tools/bin/../lib/gcc/arm-none-eabi/13.3.1/../../../../arm-none-eabi/lib/thumb/v7e-m+fp/hard\libc_nano.a(libc_a-memset.o)
                              C:/ST/STM32CubeIDE_2.0.0/STM32CubeIDE/plugins/com.st.stm32cube.ide.mcu.externaltools.gnu-tools-for-stm32.13.3.rel1.win32_1.0.100.202509120712/tools/bin/../lib/gcc/arm-none-eabi/13.3.1/../../../../arm-none-eabi/lib/thumb/v7e-m+fp/hard/crt0.o (memset)
C:/ST/STM32CubeIDE_2.0.0/STM32CubeIDE/plugins/com.st.stm32cube.ide.mcu.externaltools.gnu-tools-for-stm32.13.3.rel1.win32_1.0.100.202509120712/tools/bin/../lib/gcc/arm-none-eabi/13.3.1/../../../../arm-none-eabi/lib/thumb/v7e-m+fp/hard\libc_nano.a(libc_a-closer.o)
                              C:/ST/STM32CubeIDE_2.0.0/STM32CubeIDE/plugins/com.st.stm32cube.ide.mcu.externaltools.gnu-tools-for-stm32.13.3.rel1.win32_1.0.100.202509120712/tools/bin/../lib/gcc/arm-none-eabi/13.3.1/../../../../arm-none-eabi/lib/thumb/v7e-m+fp/hard\libc_nano.a(libc_a-stdio.o) (_close_r)
C:/ST/STM32CubeIDE_2.0.0/STM32CubeIDE/plugins/com.st.stm32cube.ide.mcu.externaltools.gnu-tools-for-stm32.13.3.rel1.win32_1.0.100.202509120712/tools/bin/../lib/gcc/arm-none-eabi/13.3.1/../../../../arm-none-eabi/lib/thumb/v7e-m+fp/hard\libc_nano.a(libc_a-reent.o)
                              C:/ST/STM32CubeIDE_2.0.0/STM32CubeIDE/plugins/com.st.stm32cube.ide.mcu.externaltools.gnu-tools-for-stm32.13.3.rel1.win32_1.0.100.202509120712/tools/bin/../lib/gcc/arm-none-eabi/13.3.1/../../../../arm-none-eabi/lib/thumb/v7e-m+fp/hard\libc_nano.a(libc_a-closer.o) (errno)
C:/ST/STM32CubeIDE_2.0.0/STM32CubeIDE/plugins/com.st.stm32cube.ide.mcu.externaltools.gnu-tools-for-stm32.13.3.rel1.win32_1.0.100.202509120712/tools/bin/../lib/gcc/arm-none-eabi/13.3.1/../../../../arm-none-eabi/lib/thumb/v7e-m+fp/hard\libc_nano.a(libc_a-impure.o)
                              C:/ST/STM32CubeIDE_2.0.0/STM32CubeIDE/plugins/com.st.stm32cube.ide.mcu.externaltools.gnu-tools-for-stm32.13.3.rel1.win32_1.0.100.202509120712/tools/bin/../lib/gcc/arm-none-eabi/13.3.1/../../../../arm-none-eabi/lib/thumb/v7e-m+fp/hard\libc_nano.a(libc_a-reent.o) (_impure_ptr)
C:/ST/STM32CubeIDE_2.0.0/STM32CubeIDE/plugins/com.st.stm32cube.ide.mcu.externaltools.gnu-tools-for-stm32.13.3.rel1.win32_1.0.100.202509120712/tools/bin/../lib/gcc/arm-none-eabi/13.3.1/../../../../arm-none-eabi/lib/thumb/v7e-m+fp/hard\libc_nano.a(libc_a-lseekr.o)
[...]
Memory Configuration

Name             Origin             Length             Attributes
RAM              0x20000000         0x00020000         xrw
FLASH            0x08000000         0x00080000         xr
*default*        0x00000000         0xffffffff

Linker script and memory map

LOAD C:/ST/STM32CubeIDE_2.0.0/STM32CubeIDE/plugins/com.st.stm32cube.ide.mcu.externaltools.gnu-tools-for-stm32.13.3.rel1.win32_1.0.100.202509120712/tools/bin/../lib/gcc/arm-none-eabi/13.3.1/thumb/v7e-m+fp/hard/crti.o
LOAD C:/ST/STM32CubeIDE_2.0.0/STM32CubeIDE/plugins/com.st.stm32cube.ide.mcu.externaltools.gnu-tools-for-stm32.13.3.rel1.win32_1.0.100.202509120712/tools/bin/../lib/gcc/arm-none-eabi/13.3.1/thumb/v7e-m+fp/hard/crtbegin.o
LOAD C:/ST/STM32CubeIDE_2.0.0/STM32CubeIDE/plugins/com.st.stm32cube.ide.mcu.externaltools.gnu-tools-for-stm32.13.3.rel1.win32_1.0.100.202509120712/tools/bin/../lib/gcc/arm-none-eabi/13.3.1/../../../../arm-none-eabi/lib/thumb/v7e-m+fp/hard/crt0.o
LOAD ./Core/Src/main.o
LOAD ./Core/Src/stm32f4xx_hal_msp.o
LOAD ./Core/Src/stm32f4xx_it.o
LOAD ./Core/Src/syscalls.o
LOAD ./Core/Src/sysmem.o
LOAD ./Core/Src/system_stm32f4xx.o
LOAD ./Core/Startup/startup_stm32f446retx.o
LOAD ./Drivers/STM32F4xx_HAL_Driver/Src/stm32f4xx_hal.o
LOAD ./Drivers/STM32F4xx_HAL_Driver/Src/stm32f4xx_hal_can.o
LOAD ./Drivers/STM32F4xx_HAL_Driver/Src/stm32f4xx_hal_cortex.o
LOAD ./Drivers/STM32F4xx_HAL_Driver/Src/stm32f4xx_hal_dma.o
LOAD ./Drivers/STM32F4xx_HAL_Driver/Src/stm32f4xx_hal_dma_ex.o
LOAD ./Drivers/STM32F4xx_HAL_Driver/Src/stm32f4xx_hal_exti.o
LOAD ./Drivers/STM32F4xx_HAL_Driver/Src/stm32f4xx_hal_flash.o
LOAD ./Drivers/STM32F4xx_HAL_Driver/Src/stm32f4xx_hal_flash_ex.o
LOAD ./Drivers/STM32F4xx_HAL_Driver/Src/stm32f4xx_hal_flash_ramfunc.o
LOAD ./Drivers/STM32F4xx_HAL_Driver/Src/stm32f4xx_hal_gpio.o
LOAD ./Drivers/STM32F4xx_HAL_Driver/Src/stm32f4xx_hal_pcd.o
LOAD ./Drivers/STM32F4xx_HAL_Driver/Src/stm32f4xx_hal_pcd_ex.o
LOAD ./Drivers/STM32F4xx_HAL_Driver/Src/stm32f4xx_hal_pwr.o
LOAD ./Drivers/STM32F4xx_HAL_Driver/Src/stm32f4xx_hal_pwr_ex.o
LOAD ./Drivers/STM32F4xx_HAL_Driver/Src/stm32f4xx_hal_rcc.o
LOAD ./Drivers/STM32F4xx_HAL_Driver/Src/stm32f4xx_hal_rcc_ex.o
LOAD ./Drivers/STM32F4xx_HAL_Driver/Src/stm32f4xx_hal_tim.o
LOAD ./Drivers/STM32F4xx_HAL_Driver/Src/stm32f4xx_hal_tim_ex.o
LOAD ./Drivers/STM32F4xx_HAL_Driver/Src/stm32f4xx_hal_uart.o
LOAD ./Drivers/STM32F4xx_HAL_Driver/Src/stm32f4xx_ll_usb.o
LOAD ./Middlewares/ST/STM32_USB_Device_Library/Class/CDC/Src/usbd_cdc.o
LOAD ./Middlewares/ST/STM32_USB_Device_Library/Core/Src/usbd_core.o
LOAD ./Middlewares/ST/STM32_USB_Device_Library/Core/Src/usbd_ctlreq.o
LOAD ./Middlewares/ST/STM32_USB_Device_Library/Core/Src/usbd_ioreq.o
LOAD ./USB_DEVICE/App/usb_device.o
LOAD ./USB_DEVICE/App/usbd_cdc_if.o
LOAD ./USB_DEVICE/App/usbd_desc.o
LOAD ./USB_DEVICE/Target/usbd_conf.o
START GROUP
LOAD C:/ST/STM32CubeIDE_2.0.0/STM32CubeIDE/plugins/com.st.stm32cube.ide.mcu.externaltools.gnu-tools-for-stm32.13.3.rel1.win32_1.0.100.202509120712/tools/bin/../lib/gcc/arm-none-eabi/13.3.1/../../../../arm-none-eabi/lib/thumb/v7e-m+fp/hard\libc_nano.a
LOAD C:/ST/STM32CubeIDE_2.0.0/STM32CubeIDE/plugins/com.st.stm32cube.ide.mcu.externaltools.gnu-tools-for-stm32.13.3.rel1.win32_1.0.100.202509120712/tools/bin/../lib/gcc/arm-none-eabi/13.3.1/../../../../arm-none-eabi/lib/thumb/v7e-m+fp/hard\libm.a
END GROUP
START GROUP
LOAD C:/ST/STM32CubeIDE_2.0.0/STM32CubeIDE/plugins/com.st.stm32cube.ide.mcu.externaltools.gnu-tools-for-stm32.13.3.rel1.win32_1.0.100.202509120712/tools/bin/../lib/gcc/arm-none-eabi/13.3.1/thumb/v7e-m+fp/hard\libgcc.a
LOAD C:/ST/STM32CubeIDE_2.0.0/STM32CubeIDE/plugins/com.st.stm32cube.ide.mcu.externaltools.gnu-tools-for-stm32.13.3.rel1.win32_1.0.100.202509120712/tools/bin/../lib/gcc/arm-none-eabi/13.3.1/../../../../arm-none-eabi/lib/thumb/v7e-m+fp/hard\libc_nano.a
END GROUP
START GROUP
LOAD C:/ST/STM32CubeIDE_2.0.0/STM32CubeIDE/plugins/com.st.stm32cube.ide.mcu.externaltools.gnu-tools-for-stm32.13.3.rel1.win32_1.0.100.202509120712/tools/bin/../lib/gcc/arm-none-eabi/13.3.1/thumb/v7e-m+fp/hard\libgcc.a
LOAD C:/ST/STM32CubeIDE_2.0.0/STM32CubeIDE/plugins/com.st.stm32cube.ide.mcu.externaltools.gnu-tools-for-stm32.13.3.rel1.win32_1.0.100.202509120712/tools/bin/../lib/gcc/arm-none-eabi/13.3.1/../../../../arm-none-eabi/lib/thumb/v7e-m+fp/hard\libc_nano.a
LOAD C:/ST/STM32CubeIDE_2.0.0/STM32CubeIDE/plugins/com.st.stm32cube.ide.mcu.externaltools.gnu-tools-for-stm32.13.3.rel1.win32_1.0.100.202509120712/tools/bin/../lib/gcc/arm-none-eabi/13.3.1/../../../../arm-none-eabi/lib/thumb/v7e-m+fp/hard\libnosys.a
END GROUP
START GROUP
LOAD C:/ST/STM32CubeIDE_2.0.0/STM32CubeIDE/plugins/com.st.stm32cube.ide.mcu.externaltools.gnu-tools-for-stm32.13.3.rel1.win32_1.0.100.202509120712/tools/bin/../lib/gcc/arm-none-eabi/13.3.1/thumb/v7e-m+fp/hard\libgcc.a
LOAD C:/ST/STM32CubeIDE_2.0.0/STM32CubeIDE/plugins/com.st.stm32cube.ide.mcu.externaltools.gnu-tools-for-stm32.13.3.rel1.win32_1.0.100.202509120712/tools/bin/../lib/gcc/arm-none-eabi/13.3.1/../../../../arm-none-eabi/lib/thumb/v7e-m+fp/hard\libc_nano.a
LOAD C:/ST/STM32CubeIDE_2.0.0/STM32CubeIDE/plugins/com.st.stm32cube.ide.mcu.externaltools.gnu-tools-for-stm32.13.3.rel1.win32_1.0.100.202509120712/tools/bin/../lib/gcc/arm-none-eabi/13.3.1/../../../../arm-none-eabi/lib/thumb/v7e-m+fp/hard\libnosys.a
END GROUP
LOAD C:/ST/STM32CubeIDE_2.0.0/STM32CubeIDE/plugins/com.st.stm32cube.ide.mcu.externaltools.gnu-tools-for-stm32.13.3.rel1.win32_1.0.100.202509120712/tools/bin/../lib/gcc/arm-none-eabi/13.3.1/thumb/v7e-m+fp/hard/crtend.o
LOAD C:/ST/STM32CubeIDE_2.0.0/STM32CubeIDE/plugins/com.st.stm32cube.ide.mcu.externaltools.gnu-tools-for-stm32.13.3.rel1.win32_1.0.100.202509120712/tools/bin/../lib/gcc/arm-none-eabi/13.3.1/thumb/v7e-m+fp/hard/crtn.o
                0x20020000                        _estack = (ORIGIN (RAM) + LENGTH (RAM))
                0x00000200                        _Min_Heap_Size = 0x200
                0x00000400                        _Min_Stack_Size = 0x400

.isr_vector     0x08000000      0x1c4
                0x08000000                        . = ALIGN (0x4)
 *(.isr_vector)
 .isr_vector    0x08000000      0x1c4 ./Core/Startup/startup_stm32f446retx.o
                0x08000000                g_pfnVectors
                0x080001c4                        . = ALIGN (0x4)

.text           0x080001c4     0x9cf0
                0x080001c4                        . = ALIGN (0x4)
 *(.text)
 .text          0x080001c4       0x40 C:/ST/STM32CubeIDE_2.0.0/STM32CubeIDE/plugins/com.st.stm32cube.ide.mcu.externaltools.gnu-tools-for-stm32.13.3.rel1.win32_1.0.100.202509120712/tools/bin/../lib/gcc/arm-none-eabi/13.3.1/thumb/v7e-m+fp/hard/crtbegin.o
 .text          0x08000204       0x30 C:/ST/STM32CubeIDE_2.0.0/STM32CubeIDE/plugins/com.st.stm32cube.ide.mcu.externaltools.gnu-tools-for-stm32.13.3.rel1.win32_1.0.100.202509120712/tools/bin/../lib/gcc/arm-none-eabi/13.3.1/thumb/v7e-m+fp/hard\libgcc.a(_aeabi_uldivmod.o)
                0x08000204                __aeabi_uldivmod
 .text          0x08000234      0x2f8 C:/ST/STM32CubeIDE_2.0.0/STM32CubeIDE/plugins/com.st.stm32cube.ide.mcu.externaltools.gnu-tools-for-stm32.13.3.rel1.win32_1.0.100.202509120712/tools/bin/../lib/gcc/arm-none-eabi/13.3.1/thumb/v7e-m+fp/hard\libgcc.a(_udivmoddi4.o)
                0x08000234                __udivmoddi4
 .text          0x0800052c        0x4 C:/ST/STM32CubeIDE_2.0.0/STM32CubeIDE/plugins/com.st.stm32cube.ide.mcu.externaltools.gnu-tools-for-stm32.13.3.rel1.win32_1.0.100.202509120712/tools/bin/../lib/gcc/arm-none-eabi/13.3.1/thumb/v7e-m+fp/hard\libgcc.a(_dvmd_tls.o)
                0x0800052c                __aeabi_idiv0
                0x0800052c                __aeabi_ldiv0
 *(.text*)
 .text.main     0x08000530       0xb0 ./Core/Src/main.o
                0x08000530                main
 .text.SystemClock_Config
                0x080005e0       0xd8 ./Core/Src/main.o
                0x080005e0                SystemClock_Config
 .text.MX_CAN1_Init
                0x080006b8       0x6c ./Core/Src/main.o
 .text.MX_TIM1_Init
                0x08000724       0xa0 ./Core/Src/main.o
 .text.MX_USART2_UART_Init
                0x080007c4       0x54 ./Core/Src/main.o
 .text.MX_DMA_Init
                0x08000818       0x40 ./Core/Src/main.o
 .text.MX_GPIO_Init
                0x08000858      0x11c ./Core/Src/main.o
 .text.HAL_CAN_RxFifo0MsgPendingCallback
                0x08000974       0xe0 ./Core/Src/main.o
                0x08000974                HAL_CAN_RxFifo0MsgPendingCallback
 .text.Error_Handler
                0x08000a54        0xc ./Core/Src/main.o
                0x08000a54                Error_Handler
 .text.HAL_MspInit
                0x08000a60       0x50 ./Core/Src/stm32f4xx_hal_msp.o
                0x08000a60                HAL_MspInit
 .text.HAL_CAN_MspInit
                0x08000ab0       0xa0 ./Core/Src/stm32f4xx_hal_msp.o
                0x08000ab0                HAL_CAN_MspInit
 .text.HAL_TIM_Base_MspInit
                0x08000b50       0xb8 ./Core/Src/stm32f4xx_hal_msp.o
                0x08000b50                HAL_TIM_Base_MspInit
 .text.HAL_UART_MspInit
                0x08000c08       0x90 ./Core/Src/stm32f4xx_hal_msp.o
                0x08000c08                HAL_UART_MspInit
 .text.NMI_Handler
                0x08000c98        0x8 ./Core/Src/stm32f4xx_it.o
                0x08000c98                NMI_Handler
 .text.HardFault_Handler
                0x08000ca0        0x8 ./Core/Src/stm32f4xx_it.o
                0x08000ca0                HardFault_Handler
 .text.MemManage_Handler
                0x08000ca8        0x8 ./Core/Src/stm32f4xx_it.o
                0x08000ca8                MemManage_Handler
 .text.BusFault_Handler
                0x08000cb0        0x8 ./Core/Src/stm32f4xx_it.o
                0x08000cb0                BusFault_Handler
 .text.UsageFault_Handler
                0x08000cb8        0x8 ./Core/Src/stm32f4xx_it.o
                0x08000cb8                UsageFault_Handler
 .text.SVC_Handler
                0x08000cc0        0xe ./Core/Src/stm32f4xx_it.o
                0x08000cc0                SVC_Handler
 .text.DebugMon_Handler
                0x08000cce        0xe ./Core/Src/stm32f4xx_it.o
                0x08000cce                DebugMon_Handler
 .text.PendSV_Handler
                0x08000cdc        0xe ./Core/Src/stm32f4xx_it.o
                0x08000cdc                PendSV_Handler
 .text.SysTick_Handler
                0x08000cea        0xc ./Core/Src/stm32f4xx_it.o
                0x08000cea                SysTick_Handler
 *fill*         0x08000cf6        0x2 
 .text.CAN1_RX0_IRQHandler
                0x08000cf8       0x14 ./Core/Src/stm32f4xx_it.o
                0x08000cf8                CAN1_RX0_IRQHandler
 .text.TIM1_UP_TIM10_IRQHandler
                0x08000d0c       0x14 ./Core/Src/stm32f4xx_it.o
                0x08000d0c                TIM1_UP_TIM10_IRQHandler
 .text.OTG_FS_IRQHandler
                0x08000d20       0x14 ./Core/Src/stm32f4xx_it.o
                0x08000d20                OTG_FS_IRQHandler
 .text.DMA2_Stream5_IRQHandler
                0x08000d34       0x14 ./Core/Src/stm32f4xx_it.o
                0x08000d34                DMA2_Stream5_IRQHandler
 .text.SystemInit
                0x08000d48       0x24 ./Core/Src/system_stm32f4xx.o
                0x08000d48                SystemInit
 .text.Reset_Handler
                0x08000d6c       0x50 ./Core/Startup/startup_stm32f446retx.o
                0x08000d6c                Reset_Handler
 .text.Default_Handler
                0x08000dbc        0x2 ./Core/Startup/startup_stm32f446retx.o
                0x08000dbc                RTC_Alarm_IRQHandler
                0x08000dbc                EXTI2_IRQHandler
                0x08000dbc                TIM8_CC_IRQHandler
                0x08000dbc                FMPI2C1_EV_IRQHandler
                0x08000dbc                SPI4_IRQHandler
                0x08000dbc                TIM1_CC_IRQHandler
                0x08000dbc                DMA1_Stream5_IRQHandler
                0x08000dbc                PVD_IRQHandler
                0x08000dbc                SDIO_IRQHandler
                0x08000dbc                TAMP_STAMP_IRQHandler
                0x08000dbc                CAN2_RX1_IRQHandler
                0x08000dbc                EXTI3_IRQHandler
                0x08000dbc                TIM8_TRG_COM_TIM14_IRQHandler
                0x08000dbc                TIM8_UP_TIM13_IRQHandler
                0x08000dbc                I2C3_ER_IRQHandler
                0x08000dbc                EXTI0_IRQHandler
                0x08000dbc                I2C2_EV_IRQHandler
                0x08000dbc                DMA1_Stream2_IRQHandler
                0x08000dbc                FPU_IRQHandler
                0x08000dbc                OTG_HS_WKUP_IRQHandler
                0x08000dbc                CAN2_SCE_IRQHandler
                0x08000dbc                DMA2_Stream2_IRQHandler
                0x08000dbc                SPI1_IRQHandler
                0x08000dbc                TIM6_DAC_IRQHandler
                0x08000dbc                TIM1_BRK_TIM9_IRQHandler
                0x08000dbc                DCMI_IRQHandler
                0x08000dbc                CAN2_RX0_IRQHandler
                0x08000dbc                DMA2_Stream3_IRQHandler
                0x08000dbc                SAI2_IRQHandler
                0x08000dbc                USART6_IRQHandler
                0x08000dbc                USART3_IRQHandler
                0x08000dbc                CAN1_RX1_IRQHandler
                0x08000dbc                UART5_IRQHandler
                0x08000dbc                DMA2_Stream0_IRQHandler
                0x08000dbc                TIM4_IRQHandler
                0x08000dbc                QUADSPI_IRQHandler
                0x08000dbc                I2C1_EV_IRQHandler
                0x08000dbc                DMA1_Stream6_IRQHandler
                0x08000dbc                DMA1_Stream1_IRQHandler
                0x08000dbc                UART4_IRQHandler
                0x08000dbc                TIM3_IRQHandler
                0x08000dbc                RCC_IRQHandler
                0x08000dbc                TIM8_BRK_TIM12_IRQHandler
                0x08000dbc                Default_Handler
                0x08000dbc                CEC_IRQHandler
                0x08000dbc                EXTI15_10_IRQHandler
                0x08000dbc                ADC_IRQHandler
                0x08000dbc                DMA1_Stream7_IRQHandler
                0x08000dbc                TIM7_IRQHandler
                0x08000dbc                CAN2_TX_IRQHandler
                0x08000dbc                TIM5_IRQHandler
                0x08000dbc                DMA2_Stream7_IRQHandler
                0x08000dbc                I2C3_EV_IRQHandler
                0x08000dbc                EXTI9_5_IRQHandler
                0x08000dbc                RTC_WKUP_IRQHandler
                0x08000dbc                SPDIF_RX_IRQHandler
                0x08000dbc                SPI2_IRQHandler
                0x08000dbc                OTG_HS_EP1_IN_IRQHandler
                0x08000dbc                DMA1_Stream0_IRQHandler
                0x08000dbc                CAN1_TX_IRQHandler
                0x08000dbc                FMPI2C1_ER_IRQHandler
                0x08000dbc                EXTI4_IRQHandler
                0x08000dbc                OTG_HS_EP1_OUT_IRQHandler
                0x08000dbc                WWDG_IRQHandler
                0x08000dbc                TIM2_IRQHandler
                0x08000dbc                OTG_FS_WKUP_IRQHandler
                0x08000dbc                TIM1_TRG_COM_TIM11_IRQHandler
                0x08000dbc                OTG_HS_IRQHandler
                0x08000dbc                EXTI1_IRQHandler
                0x08000dbc                USART2_IRQHandler
                0x08000dbc                I2C2_ER_IRQHandler
                0x08000dbc                DMA2_Stream1_IRQHandler
                0x08000dbc                CAN1_SCE_IRQHandler
                0x08000dbc                FLASH_IRQHandler
                0x08000dbc                DMA2_Stream4_IRQHandler
                0x08000dbc                USART1_IRQHandler
                0x08000dbc                SPI3_IRQHandler
                0x08000dbc                DMA1_Stream4_IRQHandler
                0x08000dbc                I2C1_ER_IRQHandler
                0x08000dbc                FMC_IRQHandler
                0x08000dbc                DMA2_Stream6_IRQHandler
                0x08000dbc                SAI1_IRQHandler
                0x08000dbc                DMA1_Stream3_IRQHandler
 *fill*         0x08000dbe        0x2 
 .text.HAL_Init
                0x08000dc0       0x44 ./Drivers/STM32F4xx_HAL_Driver/Src/stm32f4xx_hal.o
                0x08000dc0                HAL_Init
 .text.HAL_InitTick
                0x08000e04       0x60 ./Drivers/STM32F4xx_HAL_Driver/Src/stm32f4xx_hal.o
                0x08000e04                HAL_InitTick
 .text.HAL_IncTick
                0x08000e64       0x28 ./Drivers/STM32F4xx_HAL_Driver/Src/stm32f4xx_hal.o
                0x08000e64                HAL_IncTick
 .text.HAL_GetTick
                0x08000e8c       0x18 ./Drivers/STM32F4xx_HAL_Driver/Src/stm32f4xx_hal.o
                0x08000e8c                HAL_GetTick
 .text.HAL_Delay
                0x08000ea4       0x48 ./Drivers/STM32F4xx_HAL_Driver/Src/stm32f4xx_hal.o
                0x08000ea4                HAL_Delay
 .text.HAL_CAN_Init
                0x08000eec      0x1f6 ./Drivers/STM32F4xx_HAL_Driver/Src/stm32f4xx_hal_can.o
                0x08000eec                HAL_CAN_Init
 *fill*         0x080010e2        0x2 
 .text.HAL_CAN_ConfigFilter
                0x080010e4      0x1bc ./Drivers/STM32F4xx_HAL_Driver/Src/stm32f4xx_hal_can.o
                0x080010e4                HAL_CAN_ConfigFilter
 .text.HAL_CAN_Start
                0x080012a0       0x88 ./Drivers/STM32F4xx_HAL_Driver/Src/stm32f4xx_hal_can.o
                0x080012a0                HAL_CAN_Start
 .text.HAL_CAN_GetRxMessage
                0x08001328      0x244 ./Drivers/STM32F4xx_HAL_Driver/Src/stm32f4xx_hal_can.o
                0x08001328                HAL_CAN_GetRxMessage
 .text.HAL_CAN_ActivateNotification
                0x0800156c       0x4c ./Drivers/STM32F4xx_HAL_Driver/Src/stm32f4xx_hal_can.o
                0x0800156c                HAL_CAN_ActivateNotification
 .text.HAL_CAN_IRQHandler
                0x080015b8      0x36e ./Drivers/STM32F4xx_HAL_Driver/Src/stm32f4xx_hal_can.o
                0x080015b8                HAL_CAN_IRQHandler
 .text.HAL_CAN_TxMailbox0CompleteCallback
                0x08001926       0x14 ./Drivers/STM32F4xx_HAL_Driver/Src/stm32f4xx_hal_can.o
                0x08001926                HAL_CAN_TxMailbox0CompleteCallback
 .text.HAL_CAN_TxMailbox1CompleteCallback
                0x0800193a       0x14 ./Drivers/STM32F4xx_HAL_Driver/Src/stm32f4xx_hal_can.o
                0x0800193a                HAL_CAN_TxMailbox1CompleteCallback
 .text.HAL_CAN_TxMailbox2CompleteCallback
                0x0800194e       0x14 ./Drivers/STM32F4xx_HAL_Driver/Src/stm32f4xx_hal_can.o
                0x0800194e                HAL_CAN_TxMailbox2CompleteCallback
 .text.HAL_CAN_TxMailbox0AbortCallback
                0x08001962       0x14 ./Drivers/STM32F4xx_HAL_Driver/Src/stm32f4xx_hal_can.o
                0x08001962                HAL_CAN_TxMailbox0AbortCallback
 .text.HAL_CAN_TxMailbox1AbortCallback
                0x08001976       0x14 ./Drivers/STM32F4xx_HAL_Driver/Src/stm32f4xx_hal_can.o
                0x08001976                HAL_CAN_TxMailbox1AbortCallback
 .text.HAL_CAN_TxMailbox2AbortCallback
                0x0800198a       0x14 ./Drivers/STM32F4xx_HAL_Driver/Src/stm32f4xx_hal_can.o
                0x0800198a                HAL_CAN_TxMailbox2AbortCallback
 .text.HAL_CAN_RxFifo0FullCallback
                0x0800199e       0x14 ./Drivers/STM32F4xx_HAL_Driver/Src/stm32f4xx_hal_can.o
                0x0800199e                HAL_CAN_RxFifo0FullCallback
 .text.HAL_CAN_RxFifo1MsgPendingCallback
                0x080019b2       0x14 ./Drivers/STM32F4xx_HAL_Driver/Src/stm32f4xx_hal_can.o
                0x080019b2                HAL_CAN_RxFifo1MsgPendingCallback
 .text.HAL_CAN_RxFifo1FullCallback
                0x080019c6       0x14 ./Drivers/STM32F4xx_HAL_Driver/Src/stm32f4xx_hal_can.o
                0x080019c6                HAL_CAN_RxFifo1FullCallback
 .text.HAL_CAN_SleepCallback
                0x080019da       0x14 ./Drivers/STM32F4xx_HAL_Driver/Src/stm32f4xx_hal_can.o
                0x080019da                HAL_CAN_SleepCallback
 .text.HAL_CAN_WakeUpFromRxMsgCallback
                0x080019ee       0x14 ./Drivers/STM32F4xx_HAL_Driver/Src/stm32f4xx_hal_can.o
                0x080019ee                HAL_CAN_WakeUpFromRxMsgCallback
 .text.HAL_CAN_ErrorCallback
                0x08001a02       0x14 ./Drivers/STM32F4xx_HAL_Driver/Src/stm32f4xx_hal_can.o
                0x08001a02                HAL_CAN_ErrorCallback
 *fill*         0x08001a16        0x2 
 .text.__NVIC_SetPriorityGrouping
                0x08001a18       0x48 ./Drivers/STM32F4xx_HAL_Driver/Src/stm32f4xx_hal_cortex.o
 .text.__NVIC_GetPriorityGrouping
                0x08001a60       0x1c ./Drivers/STM32F4xx_HAL_Driver/Src/stm32f4xx_hal_cortex.o
 .text.__NVIC_EnableIRQ
                0x08001a7c       0x3c ./Drivers/STM32F4xx_HAL_Driver/Src/stm32f4xx_hal_cortex.o
 .text.__NVIC_SetPriority
                0x08001ab8       0x54 ./Drivers/STM32F4xx_HAL_Driver/Src/stm32f4xx_hal_cortex.o
 .text.NVIC_EncodePriority
                0x08001b0c       0x66 ./Drivers/STM32F4xx_HAL_Driver/Src/stm32f4xx_hal_cortex.o
 *fill*         0x08001b72        0x2 
 .text.SysTick_Config
                0x08001b74       0x44 ./Drivers/STM32F4xx_HAL_Driver/Src/stm32f4xx_hal_cortex.o
 .text.HAL_NVIC_SetPriorityGrouping
                0x08001bb8       0x16 ./Drivers/STM32F4xx_HAL_Driver/Src/stm32f4xx_hal_cortex.o
                0x08001bb8                HAL_NVIC_SetPriorityGrouping
 .text.HAL_NVIC_SetPriority
                0x08001bce       0x38 ./Drivers/STM32F4xx_HAL_Driver/Src/stm32f4xx_hal_cortex.o
                0x08001bce                HAL_NVIC_SetPriority
 .text.HAL_NVIC_EnableIRQ
                0x08001c06       0x1c ./Drivers/STM32F4xx_HAL_Driver/Src/stm32f4xx_hal_cortex.o
                0x08001c06                HAL_NVIC_EnableIRQ
 .text.HAL_SYSTICK_Config
                0x08001c22       0x18 ./Drivers/STM32F4xx_HAL_Driver/Src/stm32f4xx_hal_cortex.o
                0x08001c22                HAL_SYSTICK_Config
 *fill*         0x08001c3a        0x2 
 .text.HAL_DMA_Init
                0x08001c3c      0x15c ./Drivers/STM32F4xx_HAL_Driver/Src/stm32f4xx_hal_dma.o
                0x08001c3c                HAL_DMA_Init
 .text.HAL_DMA_Start_IT
                0x08001d98       0xb0 ./Drivers/STM32F4xx_HAL_Driver/Src/stm32f4xx_hal_dma.o
                0x08001d98                HAL_DMA_Start_IT
 .text.HAL_DMA_IRQHandler
                0x08001e48      0x314 ./Drivers/STM32F4xx_HAL_Driver/Src/stm32f4xx_hal_dma.o
                0x08001e48                HAL_DMA_IRQHandler
 .text.DMA_SetConfig
                0x0800215c       0x5c ./Drivers/STM32F4xx_HAL_Driver/Src/stm32f4xx_hal_dma.o
 .text.DMA_CalcBaseAndBitshift
                0x080021b8       0x6c ./Drivers/STM32F4xx_HAL_Driver/Src/stm32f4xx_hal_dma.o
 .text.DMA_CheckFifoParam
                0x08002224       0xf8 ./Drivers/STM32F4xx_HAL_Driver/Src/stm32f4xx_hal_dma.o
 .text.HAL_GPIO_Init
                0x0800231c      0x328 ./Drivers/STM32F4xx_HAL_Driver/Src/stm32f4xx_hal_gpio.o
                0x0800231c                HAL_GPIO_Init
 .text.HAL_GPIO_WritePin
                0x08002644       0x32 ./Drivers/STM32F4xx_HAL_Driver/Src/stm32f4xx_hal_gpio.o
                0x08002644                HAL_GPIO_WritePin
 .text.HAL_PCD_Init
                0x08002676      0x22c ./Drivers/STM32F4xx_HAL_Driver/Src/stm32f4xx_hal_pcd.o
                0x08002676                HAL_PCD_Init
 .text.HAL_PCD_Start
                0x080028a2       0x6a ./Drivers/STM32F4xx_HAL_Driver/Src/stm32f4xx_hal_pcd.o
                0x080028a2                HAL_PCD_Start
 .text.HAL_PCD_IRQHandler
                0x0800290c      0x99c ./Drivers/STM32F4xx_HAL_Driver/Src/stm32f4xx_hal_pcd.o
                0x0800290c                HAL_PCD_IRQHandler
 .text.HAL_PCD_SetAddress
                0x080032a8       0x48 ./Drivers/STM32F4xx_HAL_Driver/Src/stm32f4xx_hal_pcd.o
                0x080032a8                HAL_PCD_SetAddress
 .text.HAL_PCD_EP_Open
                0x080032f0       0xd4 ./Drivers/STM32F4xx_HAL_Driver/Src/stm32f4xx_hal_pcd.o
                0x080032f0                HAL_PCD_EP_Open
 .text.HAL_PCD_EP_Close
                0x080033c4       0x94 ./Drivers/STM32F4xx_HAL_Driver/Src/stm32f4xx_hal_pcd.o
                0x080033c4                HAL_PCD_EP_Close
 .text.HAL_PCD_EP_Receive
                0x08003458       0x76 ./Drivers/STM32F4xx_HAL_Driver/Src/stm32f4xx_hal_pcd.o
                0x08003458                HAL_PCD_EP_Receive
 .text.HAL_PCD_EP_GetRxCount
                0x080034ce       0x30 ./Drivers/STM32F4xx_HAL_Driver/Src/stm32f4xx_hal_pcd.o
                0x080034ce                HAL_PCD_EP_GetRxCount
 .text.HAL_PCD_EP_Transmit
                0x080034fe       0x74 ./Drivers/STM32F4xx_HAL_Driver/Src/stm32f4xx_hal_pcd.o
                0x080034fe                HAL_PCD_EP_Transmit
 .text.HAL_PCD_EP_SetStall
                0x08003572       0xc6 ./Drivers/STM32F4xx_HAL_Driver/Src/stm32f4xx_hal_pcd.o
                0x08003572                HAL_PCD_EP_SetStall
 .text.HAL_PCD_EP_ClrStall
                0x08003638       0xac ./Drivers/STM32F4xx_HAL_Driver/Src/stm32f4xx_hal_pcd.o
                0x08003638                HAL_PCD_EP_ClrStall
 .text.HAL_PCD_EP_Abort
                0x080036e4       0x62 ./Drivers/STM32F4xx_HAL_Driver/Src/stm32f4xx_hal_pcd.o
                0x080036e4                HAL_PCD_EP_Abort
 .text.PCD_WriteEmptyTxFifo
                0x08003746      0x118 ./Drivers/STM32F4xx_HAL_Driver/Src/stm32f4xx_hal_pcd.o
 *fill*         0x0800385e        0x2 
 .text.PCD_EP_OutXfrComplete_int
                0x08003860      0x1d0 ./Drivers/STM32F4xx_HAL_Driver/Src/stm32f4xx_hal_pcd.o
 .text.PCD_EP_OutSetupPacket_int
                0x08003a30       0x8c ./Drivers/STM32F4xx_HAL_Driver/Src/stm32f4xx_hal_pcd.o
 .text.HAL_PCDEx_SetTxFiFo
                0x08003abc       0x8e ./Drivers/STM32F4xx_HAL_Driver/Src/stm32f4xx_hal_pcd_ex.o
                0x08003abc                HAL_PCDEx_SetTxFiFo
 .text.HAL_PCDEx_SetRxFiFo
                0x08003b4a       0x22 ./Drivers/STM32F4xx_HAL_Driver/Src/stm32f4xx_hal_pcd_ex.o
                0x08003b4a                HAL_PCDEx_SetRxFiFo
 .text.HAL_PCDEx_ActivateLPM
                0x08003b6c       0x48 ./Drivers/STM32F4xx_HAL_Driver/Src/stm32f4xx_hal_pcd_ex.o
                0x08003b6c                HAL_PCDEx_ActivateLPM
 .text.HAL_RCC_ClockConfig
                0x08003bb4      0x1cc ./Drivers/STM32F4xx_HAL_Driver/Src/stm32f4xx_hal_rcc.o
                0x08003bb4                HAL_RCC_ClockConfig
 .text.HAL_RCC_GetHCLKFreq
                0x08003d80       0x18 ./Drivers/STM32F4xx_HAL_Driver/Src/stm32f4xx_hal_rcc.o
                0x08003d80                HAL_RCC_GetHCLKFreq
 .text.HAL_RCC_GetPCLK1Freq
                0x08003d98       0x28 ./Drivers/STM32F4xx_HAL_Driver/Src/stm32f4xx_hal_rcc.o
                0x08003d98                HAL_RCC_GetPCLK1Freq
 .text.HAL_RCC_GetPCLK2Freq
                0x08003dc0       0x28 ./Drivers/STM32F4xx_HAL_Driver/Src/stm32f4xx_hal_rcc.o
                0x08003dc0                HAL_RCC_GetPCLK2Freq
 .text.HAL_RCCEx_PeriphCLKConfig
                0x08003de8      0x654 ./Drivers/STM32F4xx_HAL_Driver/Src/stm32f4xx_hal_rcc_ex.o
                0x08003de8                HAL_RCCEx_PeriphCLKConfig
 .text.HAL_RCC_GetSysClockFreq
                0x0800443c      0x460 ./Drivers/STM32F4xx_HAL_Driver/Src/stm32f4xx_hal_rcc_ex.o
                0x0800443c                HAL_RCC_GetSysClockFreq
 .text.HAL_RCC_OscConfig
                0x0800489c      0x53c ./Drivers/STM32F4xx_HAL_Driver/Src/stm32f4xx_hal_rcc_ex.o
                0x0800489c                HAL_RCC_OscConfig
 .text.HAL_TIM_Base_Init
                0x08004dd8       0x9e ./Drivers/STM32F4xx_HAL_Driver/Src/stm32f4xx_hal_tim.o
                0x08004dd8                HAL_TIM_Base_Init
 *fill*         0x08004e76        0x2 
 .text.HAL_TIM_Base_Start
                0x08004e78       0xd0 ./Drivers/STM32F4xx_HAL_Driver/Src/stm32f4xx_hal_tim.o
                0x08004e78                HAL_TIM_Base_Start
 .text.HAL_TIM_IRQHandler
                0x08004f48      0x1e0 ./Drivers/STM32F4xx_HAL_Driver/Src/stm32f4xx_hal_tim.o
                0x08004f48                HAL_TIM_IRQHandler
 .text.HAL_TIM_ConfigClockSource
                0x08005128      0x18e ./Drivers/STM32F4xx_HAL_Driver/Src/stm32f4xx_hal_tim.o
                0x08005128                HAL_TIM_ConfigClockSource
 .text.HAL_TIM_PeriodElapsedCallback
                0x080052b6       0x14 ./Drivers/STM32F4xx_HAL_Driver/Src/stm32f4xx_hal_tim.o
                0x080052b6                HAL_TIM_PeriodElapsedCallback
 .text.HAL_TIM_OC_DelayElapsedCallback
                0x080052ca       0x14 ./Drivers/STM32F4xx_HAL_Driver/Src/stm32f4xx_hal_tim.o
                0x080052ca                HAL_TIM_OC_DelayElapsedCallback
 .text.HAL_TIM_IC_CaptureCallback
                0x080052de       0x14 ./Drivers/STM32F4xx_HAL_Driver/Src/stm32f4xx_hal_tim.o
                0x080052de                HAL_TIM_IC_CaptureCallback
 .text.HAL_TIM_PWM_PulseFinishedCallback
                0x080052f2       0x14 ./Drivers/STM32F4xx_HAL_Driver/Src/stm32f4xx_hal_tim.o
                0x080052f2                HAL_TIM_PWM_PulseFinishedCallback
 .text.HAL_TIM_TriggerCallback
                0x08005306       0x14 ./Drivers/STM32F4xx_HAL_Driver/Src/stm32f4xx_hal_tim.o
                0x08005306                HAL_TIM_TriggerCallback
 *fill*         0x0800531a        0x2 
 .text.TIM_Base_SetConfig
                0x0800531c      0x14c ./Drivers/STM32F4xx_HAL_Driver/Src/stm32f4xx_hal_tim.o
                0x0800531c                TIM_Base_SetConfig
 .text.TIM_TI1_ConfigInputStage
                0x08005468       0x5e ./Drivers/STM32F4xx_HAL_Driver/Src/stm32f4xx_hal_tim.o
 .text.TIM_TI2_ConfigInputStage
                0x080054c6       0x60 ./Drivers/STM32F4xx_HAL_Driver/Src/stm32f4xx_hal_tim.o
 .text.TIM_ITRx_SetConfig
                0x08005526       0x36 ./Drivers/STM32F4xx_HAL_Driver/Src/stm32f4xx_hal_tim.o
 .text.TIM_ETR_SetConfig
                0x0800555c       0x40 ./Drivers/STM32F4xx_HAL_Driver/Src/stm32f4xx_hal_tim.o
                0x0800555c                TIM_ETR_SetConfig
 .text.HAL_TIMEx_MasterConfigSynchronization
                0x0800559c       0xf8 ./Drivers/STM32F4xx_HAL_Driver/Src/stm32f4xx_hal_tim_ex.o
                0x0800559c                HAL_TIMEx_MasterConfigSynchronization
 .text.HAL_TIMEx_CommutCallback
                0x08005694       0x14 ./Drivers/STM32F4xx_HAL_Driver/Src/stm32f4xx_hal_tim_ex.o
                0x08005694                HAL_TIMEx_CommutCallback
 .text.HAL_TIMEx_BreakCallback
                0x080056a8       0x14 ./Drivers/STM32F4xx_HAL_Driver/Src/stm32f4xx_hal_tim_ex.o
                0x080056a8                HAL_TIMEx_BreakCallback
 .text.HAL_UART_Init
                0x080056bc       0xa0 ./Drivers/STM32F4xx_HAL_Driver/Src/stm32f4xx_hal_uart.o
                0x080056bc                HAL_UART_Init
 .text.UART_SetConfig
                0x0800575c      0x4e8 ./Drivers/STM32F4xx_HAL_Driver/Src/stm32f4xx_hal_uart.o
 .text.USB_CoreInit
                0x08005c44       0xc8 ./Drivers/STM32F4xx_HAL_Driver/Src/stm32f4xx_ll_usb.o
                0x08005c44                USB_CoreInit
 .text.USB_SetTurnaroundTime
                0x08005d0c      0x144 ./Drivers/STM32F4xx_HAL_Driver/Src/stm32f4xx_ll_usb.o
                0x08005d0c                USB_SetTurnaroundTime
 .text.USB_EnableGlobalInt
                0x08005e50       0x22 ./Drivers/STM32F4xx_HAL_Driver/Src/stm32f4xx_ll_usb.o
                0x08005e50                USB_EnableGlobalInt
 .text.USB_DisableGlobalInt
                0x08005e72       0x22 ./Drivers/STM32F4xx_HAL_Driver/Src/stm32f4xx_ll_usb.o
                0x08005e72                USB_DisableGlobalInt
 .text.USB_SetCurrentMode
                0x08005e94       0x98 ./Drivers/STM32F4xx_HAL_Driver/Src/stm32f4xx_ll_usb.o
                0x08005e94                USB_SetCurrentMode
 .text.USB_DevInit
                0x08005f2c      0x2bc ./Drivers/STM32F4xx_HAL_Driver/Src/stm32f4xx_ll_usb.o
                0x08005f2c                USB_DevInit
 .text.USB_FlushTxFifo
                0x080061e8       0x64 ./Drivers/STM32F4xx_HAL_Driver/Src/stm32f4xx_ll_usb.o
                0x080061e8                USB_FlushTxFifo
 .text.USB_FlushRxFifo
                0x0800624c       0x5c ./Drivers/STM32F4xx_HAL_Driver/Src/stm32f4xx_ll_usb.o
                0x0800624c                USB_FlushRxFifo
 .text.USB_SetDevSpeed
                0x080062a8       0x32 ./Drivers/STM32F4xx_HAL_Driver/Src/stm32f4xx_ll_usb.o
                0x080062a8                USB_SetDevSpeed
 .text.USB_GetDevSpeed
                0x080062da       0x4a ./Drivers/STM32F4xx_HAL_Driver/Src/stm32f4xx_ll_usb.o
                0x080062da                USB_GetDevSpeed
 .text.USB_ActivateEndpoint
                0x08006324      0x10e ./Drivers/STM32F4xx_HAL_Driver/Src/stm32f4xx_ll_usb.o
                0x08006324                USB_ActivateEndpoint
 *fill*         0x08006432        0x2 
 .text.USB_DeactivateEndpoint
                0x08006434      0x1b8 ./Drivers/STM32F4xx_HAL_Driver/Src/stm32f4xx_ll_usb.o
                0x08006434                USB_DeactivateEndpoint
 .text.USB_EPStartXfer
                0x080065ec      0x53c ./Drivers/STM32F4xx_HAL_Driver/Src/stm32f4xx_ll_usb.o
                0x080065ec                USB_EPStartXfer
 .text.USB_EPStopXfer
                0x08006b28      0x154 ./Drivers/STM32F4xx_HAL_Driver/Src/stm32f4xx_ll_usb.o
                0x08006b28                USB_EPStopXfer
 .text.USB_WritePacket
                0x08006c7c       0x7c ./Drivers/STM32F4xx_HAL_Driver/Src/stm32f4xx_ll_usb.o
                0x08006c7c                USB_WritePacket
 .text.USB_ReadPacket
                0x08006cf8       0xb0 ./Drivers/STM32F4xx_HAL_Driver/Src/stm32f4xx_ll_usb.o
                0x08006cf8                USB_ReadPacket
 .text.USB_EPSetStall
                0x08006da8       0xdc ./Drivers/STM32F4xx_HAL_Driver/Src/stm32f4xx_ll_usb.o
                0x08006da8                USB_EPSetStall
 .text.USB_EPClearStall
                0x08006e84       0xcc ./Drivers/STM32F4xx_HAL_Driver/Src/stm32f4xx_ll_usb.o
                0x08006e84                USB_EPClearStall
 .text.USB_SetDevAddress
                0x08006f50       0x4c ./Drivers/STM32F4xx_HAL_Driver/Src/stm32f4xx_ll_usb.o
                0x08006f50                USB_SetDevAddress
 .text.USB_DevConnect
                0x08006f9c       0x42 ./Drivers/STM32F4xx_HAL_Driver/Src/stm32f4xx_ll_usb.o
                0x08006f9c                USB_DevConnect
 .text.USB_DevDisconnect
                0x08006fde       0x42 ./Drivers/STM32F4xx_HAL_Driver/Src/stm32f4xx_ll_usb.o
                0x08006fde                USB_DevDisconnect
 .text.USB_ReadInterrupts
                0x08007020       0x26 ./Drivers/STM32F4xx_HAL_Driver/Src/stm32f4xx_ll_usb.o
                0x08007020                USB_ReadInterrupts
 .text.USB_ReadDevAllOutEpInterrupt
                0x08007046       0x34 ./Drivers/STM32F4xx_HAL_Driver/Src/stm32f4xx_ll_usb.o
                0x08007046                USB_ReadDevAllOutEpInterrupt
 .text.USB_ReadDevAllInEpInterrupt
                0x0800707a       0x34 ./Drivers/STM32F4xx_HAL_Driver/Src/stm32f4xx_ll_usb.o
                0x0800707a                USB_ReadDevAllInEpInterrupt
 .text.USB_ReadDevOutEPInterrupt
                0x080070ae       0x3c ./Drivers/STM32F4xx_HAL_Driver/Src/stm32f4xx_ll_usb.o
                0x080070ae                USB_ReadDevOutEPInterrupt
 .text.USB_ReadDevInEPInterrupt
                0x080070ea       0x5c ./Drivers/STM32F4xx_HAL_Driver/Src/stm32f4xx_ll_usb.o
                0x080070ea                USB_ReadDevInEPInterrupt
 .text.USB_GetMode
                0x08007146       0x1c ./Drivers/STM32F4xx_HAL_Driver/Src/stm32f4xx_ll_usb.o
                0x08007146                USB_GetMode
 .text.USB_ActivateSetup
                0x08007162       0x46 ./Drivers/STM32F4xx_HAL_Driver/Src/stm32f4xx_ll_usb.o
                0x08007162                USB_ActivateSetup
 .text.USB_EP0_OutStart
                0x080071a8       0xbc ./Drivers/STM32F4xx_HAL_Driver/Src/stm32f4xx_ll_usb.o
                0x080071a8                USB_EP0_OutStart
 .text.USB_CoreReset
                0x08007264       0x70 ./Drivers/STM32F4xx_HAL_Driver/Src/stm32f4xx_ll_usb.o
 .text.USBD_CDC_Init
                0x080072d4      0x1f0 ./Middlewares/ST/STM32_USB_Device_Library/Class/CDC/Src/usbd_cdc.o
 .text.USBD_CDC_DeInit
                0x080074c4      0x104 ./Middlewares/ST/STM32_USB_Device_Library/Class/CDC/Src/usbd_cdc.o
 .text.USBD_CDC_Setup
                0x080075c8      0x1b8 ./Middlewares/ST/STM32_USB_Device_Library/Class/CDC/Src/usbd_cdc.o
 .text.USBD_CDC_DataIn
                0x08007780       0xfe ./Middlewares/ST/STM32_USB_Device_Library/Class/CDC/Src/usbd_cdc.o
 .text.USBD_CDC_DataOut
                0x0800787e       0x70 ./Middlewares/ST/STM32_USB_Device_Library/Class/CDC/Src/usbd_cdc.o
 .text.USBD_CDC_EP0_RxReady
                0x080078ee       0x74 ./Middlewares/ST/STM32_USB_Device_Library/Class/CDC/Src/usbd_cdc.o
 *fill*         0x08007962        0x2 
 .text.USBD_CDC_GetFSCfgDesc
                0x08007964       0x70 ./Middlewares/ST/STM32_USB_Device_Library/Class/CDC/Src/usbd_cdc.o
 .text.USBD_CDC_GetHSCfgDesc
                0x080079d4       0x70 ./Middlewares/ST/STM32_USB_Device_Library/Class/CDC/Src/usbd_cdc.o
 .text.USBD_CDC_GetOtherSpeedCfgDesc
                0x08007a44       0x70 ./Middlewares/ST/STM32_USB_Device_Library/Class/CDC/Src/usbd_cdc.o
 .text.USBD_CDC_GetDeviceQualifierDescriptor
                0x08007ab4       0x20 ./Middlewares/ST/STM32_USB_Device_Library/Class/CDC/Src/usbd_cdc.o
                0x08007ab4                USBD_CDC_GetDeviceQualifierDescriptor
 .text.USBD_CDC_RegisterInterface
                0x08007ad4       0x34 ./Middlewares/ST/STM32_USB_Device_Library/Class/CDC/Src/usbd_cdc.o
                0x08007ad4                USBD_CDC_RegisterInterface
 .text.USBD_CDC_SetTxBuffer
                0x08007b08       0x44 ./Middlewares/ST/STM32_USB_Device_Library/Class/CDC/Src/usbd_cdc.o
                0x08007b08                USBD_CDC_SetTxBuffer
 .text.USBD_CDC_SetRxBuffer
                0x08007b4c       0x3a ./Middlewares/ST/STM32_USB_Device_Library/Class/CDC/Src/usbd_cdc.o
                0x08007b4c                USBD_CDC_SetRxBuffer
 *fill*         0x08007b86        0x2 
 .text.USBD_CDC_TransmitPacket
                0x08007b88       0x80 ./Middlewares/ST/STM32_USB_Device_Library/Class/CDC/Src/usbd_cdc.o
                0x08007b88                USBD_CDC_TransmitPacket
 .text.USBD_CDC_ReceivePacket
                0x08007c08       0x6c ./Middlewares/ST/STM32_USB_Device_Library/Class/CDC/Src/usbd_cdc.o
                0x08007c08                USBD_CDC_ReceivePacket
 .text.USBD_Init
                0x08007c74       0x60 ./Middlewares/ST/STM32_USB_Device_Library/Core/Src/usbd_core.o
                0x08007c74                USBD_Init
 .text.USBD_RegisterClass
                0x08007cd4       0x6c ./Middlewares/ST/STM32_USB_Device_Library/Core/Src/usbd_core.o
                0x08007cd4                USBD_RegisterClass
 .text.USBD_Start
                0x08007d40       0x18 ./Middlewares/ST/STM32_USB_Device_Library/Core/Src/usbd_core.o
                0x08007d40                USBD_Start
 .text.USBD_RunTestMode
                0x08007d58       0x16 ./Middlewares/ST/STM32_USB_Device_Library/Core/Src/usbd_core.o
                0x08007d58                USBD_RunTestMode
 .text.USBD_SetClassConfig
                0x08007d6e       0x38 ./Middlewares/ST/STM32_USB_Device_Library/Core/Src/usbd_core.o
                0x08007d6e                USBD_SetClassConfig
 .text.USBD_ClrClassConfig
                0x08007da6       0x34 ./Middlewares/ST/STM32_USB_Device_Library/Core/Src/usbd_core.o
                0x08007da6                USBD_ClrClassConfig
 .text.USBD_LL_SetupStage
                0x08007dda       0xaa ./Middlewares/ST/STM32_USB_Device_Library/Core/Src/usbd_core.o
                0x08007dda                USBD_LL_SetupStage
 .text.USBD_LL_DataOutStage
                0x08007e84      0x178 ./Middlewares/ST/STM32_USB_Device_Library/Core/Src/usbd_core.o
                0x08007e84                USBD_LL_DataOutStage
 .text.USBD_LL_DataInStage
                0x08007ffc      0x176 ./Middlewares/ST/STM32_USB_Device_Library/Core/Src/usbd_core.o
                0x08007ffc                USBD_LL_DataInStage
 .text.USBD_LL_Reset
                0x08008172       0xa6 ./Middlewares/ST/STM32_USB_Device_Library/Core/Src/usbd_core.o
                0x08008172                USBD_LL_Reset
 .text.USBD_LL_SetSpeed
                0x08008218       0x20 ./Middlewares/ST/STM32_USB_Device_Library/Core/Src/usbd_core.o
                0x08008218                USBD_LL_SetSpeed
 .text.USBD_LL_Suspend
                0x08008238       0x38 ./Middlewares/ST/STM32_USB_Device_Library/Core/Src/usbd_core.o
                0x08008238                USBD_LL_Suspend
 .text.USBD_LL_Resume
                0x08008270       0x30 ./Middlewares/ST/STM32_USB_Device_Library/Core/Src/usbd_core.o
                0x08008270                USBD_LL_Resume
 .text.USBD_LL_SOF
                0x080082a0       0x40 ./Middlewares/ST/STM32_USB_Device_Library/Core/Src/usbd_core.o
                0x080082a0                USBD_LL_SOF
 .text.USBD_LL_IsoINIncomplete
                0x080082e0       0x64 ./Middlewares/ST/STM32_USB_Device_Library/Core/Src/usbd_core.o
                0x080082e0                USBD_LL_IsoINIncomplete
 .text.USBD_LL_IsoOUTIncomplete
                0x08008344       0x64 ./Middlewares/ST/STM32_USB_Device_Library/Core/Src/usbd_core.o
                0x08008344                USBD_LL_IsoOUTIncomplete
 .text.USBD_LL_DevConnected
                0x080083a8       0x16 ./Middlewares/ST/STM32_USB_Device_Library/Core/Src/usbd_core.o
                0x080083a8                USBD_LL_DevConnected
 .text.USBD_LL_DevDisconnected
                0x080083be       0x46 ./Middlewares/ST/STM32_USB_Device_Library/Core/Src/usbd_core.o
                0x080083be                USBD_LL_DevDisconnected
 .text.USBD_CoreFindIF
                0x08008404       0x1a ./Middlewares/ST/STM32_USB_Device_Library/Core/Src/usbd_core.o
                0x08008404                USBD_CoreFindIF
 .text.USBD_CoreFindEP
                0x0800841e       0x1a ./Middlewares/ST/STM32_USB_Device_Library/Core/Src/usbd_core.o
                0x0800841e                USBD_CoreFindEP
 .text.USBD_GetEpDesc
                0x08008438       0x70 ./Middlewares/ST/STM32_USB_Device_Library/Core/Src/usbd_core.o
                0x08008438                USBD_GetEpDesc
 .text.USBD_GetNextDesc
                0x080084a8       0x38 ./Middlewares/ST/STM32_USB_Device_Library/Core/Src/usbd_core.o
                0x080084a8                USBD_GetNextDesc
 .text.SWAPBYTE
                0x080084e0       0x3e ./Middlewares/ST/STM32_USB_Device_Library/Core/Src/usbd_ctlreq.o
 *fill*         0x0800851e        0x2 
 .text.USBD_StdDevReq
                0x08008520       0xe4 ./Middlewares/ST/STM32_USB_Device_Library/Core/Src/usbd_ctlreq.o
                0x08008520                USBD_StdDevReq
 .text.USBD_StdItfReq
                0x08008604       0xd8 ./Middlewares/ST/STM32_USB_Device_Library/Core/Src/usbd_ctlreq.o
                0x08008604                USBD_StdItfReq
 .text.USBD_StdEPReq
                0x080086dc      0x33e ./Middlewares/ST/STM32_USB_Device_Library/Core/Src/usbd_ctlreq.o
                0x080086dc                USBD_StdEPReq
 *fill*         0x08008a1a        0x2 
 .text.USBD_GetDescriptor
                0x08008a1c      0x328 ./Middlewares/ST/STM32_USB_Device_Library/Core/Src/usbd_ctlreq.o
 .text.USBD_SetAddress
                0x08008d44       0x88 ./Middlewares/ST/STM32_USB_Device_Library/Core/Src/usbd_ctlreq.o
 .text.USBD_SetConfig
                0x08008dcc      0x154 ./Middlewares/ST/STM32_USB_Device_Library/Core/Src/usbd_ctlreq.o
 .text.USBD_GetConfig
                0x08008f20       0x6c ./Middlewares/ST/STM32_USB_Device_Library/Core/Src/usbd_ctlreq.o
 .text.USBD_GetStatus
                0x08008f8c       0x68 ./Middlewares/ST/STM32_USB_Device_Library/Core/Src/usbd_ctlreq.o
 .text.USBD_SetFeature
                0x08008ff4       0x52 ./Middlewares/ST/STM32_USB_Device_Library/Core/Src/usbd_ctlreq.o
 .text.USBD_ClrFeature
                0x08009046       0x44 ./Middlewares/ST/STM32_USB_Device_Library/Core/Src/usbd_ctlreq.o
 .text.USBD_ParseSetupRequest
                0x0800908a       0x74 ./Middlewares/ST/STM32_USB_Device_Library/Core/Src/usbd_ctlreq.o
                0x0800908a                USBD_ParseSetupRequest
 .text.USBD_CtlError
                0x080090fe       0x22 ./Middlewares/ST/STM32_USB_Device_Library/Core/Src/usbd_ctlreq.o
                0x080090fe                USBD_CtlError
 .text.USBD_GetString
                0x08009120       0xa4 ./Middlewares/ST/STM32_USB_Device_Library/Core/Src/usbd_ctlreq.o
                0x08009120                USBD_GetString
 .text.USBD_GetLen
                0x080091c4       0x34 ./Middlewares/ST/STM32_USB_Device_Library/Core/Src/usbd_ctlreq.o
 .text.USBD_CtlSendData
                0x080091f8       0x3c ./Middlewares/ST/STM32_USB_Device_Library/Core/Src/usbd_ioreq.o
                0x080091f8                USBD_CtlSendData
 .text.USBD_CtlContinueSendData
                0x08009234       0x22 ./Middlewares/ST/STM32_USB_Device_Library/Core/Src/usbd_ioreq.o
                0x08009234                USBD_CtlContinueSendData
 .text.USBD_CtlPrepareRx
                0x08009256       0x42 ./Middlewares/ST/STM32_USB_Device_Library/Core/Src/usbd_ioreq.o
                0x08009256                USBD_CtlPrepareRx
 .text.USBD_CtlContinueRx
                0x08009298       0x22 ./Middlewares/ST/STM32_USB_Device_Library/Core/Src/usbd_ioreq.o
                0x08009298                USBD_CtlContinueRx
 .text.USBD_CtlSendStatus
                0x080092ba       0x26 ./Middlewares/ST/STM32_USB_Device_Library/Core/Src/usbd_ioreq.o
                0x080092ba                USBD_CtlSendStatus
 .text.USBD_CtlReceiveStatus
                0x080092e0       0x26 ./Middlewares/ST/STM32_USB_Device_Library/Core/Src/usbd_ioreq.o
                0x080092e0                USBD_CtlReceiveStatus
 *fill*         0x08009306        0x2 
 .text.MX_USB_DEVICE_Init
                0x08009308       0x60 ./USB_DEVICE/App/usb_device.o
                0x08009308                MX_USB_DEVICE_Init
 .text.CDC_Init_FS
                0x08009368       0x28 ./USB_DEVICE/App/usbd_cdc_if.o
 .text.CDC_DeInit_FS
                0x08009390       0x10 ./USB_DEVICE/App/usbd_cdc_if.o
 .text.CDC_Control_FS
                0x080093a0       0xbc ./USB_DEVICE/App/usbd_cdc_if.o
 .text.CDC_Receive_FS
                0x0800945c       0x28 ./USB_DEVICE/App/usbd_cdc_if.o
 .text.CDC_Transmit_FS
                0x08009484       0x4c ./USB_DEVICE/App/usbd_cdc_if.o
                0x08009484                CDC_Transmit_FS
 .text.CDC_TransmitCplt_FS
                0x080094d0       0x22 ./USB_DEVICE/App/usbd_cdc_if.o
 *fill*         0x080094f2        0x2 
 .text.USBD_FS_DeviceDescriptor
                0x080094f4       0x24 ./USB_DEVICE/App/usbd_desc.o
                0x080094f4                USBD_FS_DeviceDescriptor
 .text.USBD_FS_LangIDStrDescriptor
                0x08009518       0x24 ./USB_DEVICE/App/usbd_desc.o
                0x08009518                USBD_FS_LangIDStrDescriptor
 .text.USBD_FS_ProductStrDescriptor
                0x0800953c       0x3c ./USB_DEVICE/App/usbd_desc.o
                0x0800953c                USBD_FS_ProductStrDescriptor
 .text.USBD_FS_ManufacturerStrDescriptor
                0x08009578       0x28 ./USB_DEVICE/App/usbd_desc.o
                0x08009578                USBD_FS_ManufacturerStrDescriptor
 .text.USBD_FS_SerialStrDescriptor
                0x080095a0       0x24 ./USB_DEVICE/App/usbd_desc.o
                0x080095a0                USBD_FS_SerialStrDescriptor
 .text.USBD_FS_ConfigStrDescriptor
                0x080095c4       0x3c ./USB_DEVICE/App/usbd_desc.o
                0x080095c4                USBD_FS_ConfigStrDescriptor
 .text.USBD_FS_InterfaceStrDescriptor
                0x08009600       0x3c ./USB_DEVICE/App/usbd_desc.o
                0x08009600                USBD_FS_InterfaceStrDescriptor
 .text.USBD_FS_USR_BOSDescriptor
                0x0800963c       0x24 ./USB_DEVICE/App/usbd_desc.o
                0x0800963c                USBD_FS_USR_BOSDescriptor
 .text.Get_SerialNum
                0x08009660       0x58 ./USB_DEVICE/App/usbd_desc.o
 .text.IntToUnicode
                0x080096b8       0x7e ./USB_DEVICE/App/usbd_desc.o
 *fill*         0x08009736        0x2 
 .text.HAL_PCD_MspInit
                0x08009738       0xf0 ./USB_DEVICE/Target/usbd_conf.o
                0x08009738                HAL_PCD_MspInit
 .text.HAL_PCD_SetupStageCallback
                0x08009828       0x24 ./USB_DEVICE/Target/usbd_conf.o
                0x08009828                HAL_PCD_SetupStageCallback
 .text.HAL_PCD_DataOutStageCallback
                0x0800984c       0x36 ./USB_DEVICE/Target/usbd_conf.o
                0x0800984c                HAL_PCD_DataOutStageCallback
 .text.HAL_PCD_DataInStageCallback
                0x08009882       0x34 ./USB_DEVICE/Target/usbd_conf.o
                0x08009882                HAL_PCD_DataInStageCallback
 .text.HAL_PCD_SOFCallback
                0x080098b6       0x1c ./USB_DEVICE/Target/usbd_conf.o
                0x080098b6                HAL_PCD_SOFCallback
 .text.HAL_PCD_ResetCallback
                0x080098d2       0x50 ./USB_DEVICE/Target/usbd_conf.o
                0x080098d2                HAL_PCD_ResetCallback
 *fill*         0x08009922        0x2 
 .text.HAL_PCD_SuspendCallback
                0x08009924       0x4c ./USB_DEVICE/Target/usbd_conf.o
                0x08009924                HAL_PCD_SuspendCallback
 .text.HAL_PCD_ResumeCallback
                0x08009970       0x1c ./USB_DEVICE/Target/usbd_conf.o
                0x08009970                HAL_PCD_ResumeCallback
 .text.HAL_PCD_ISOOUTIncompleteCallback
                0x0800998c       0x24 ./USB_DEVICE/Target/usbd_conf.o
                0x0800998c                HAL_PCD_ISOOUTIncompleteCallback
 .text.HAL_PCD_ISOINIncompleteCallback
                0x080099b0       0x24 ./USB_DEVICE/Target/usbd_conf.o
                0x080099b0                HAL_PCD_ISOINIncompleteCallback
 .text.HAL_PCD_ConnectCallback
                0x080099d4       0x1c ./USB_DEVICE/Target/usbd_conf.o
                0x080099d4                HAL_PCD_ConnectCallback
 .text.HAL_PCD_DisconnectCallback
                0x080099f0       0x1c ./USB_DEVICE/Target/usbd_conf.o
                0x080099f0                HAL_PCD_DisconnectCallback
 .text.USBD_LL_Init
                0x08009a0c       0x98 ./USB_DEVICE/Target/usbd_conf.o
                0x08009a0c                USBD_LL_Init
 .text.USBD_LL_Start
                0x08009aa4       0x36 ./USB_DEVICE/Target/usbd_conf.o
                0x08009aa4                USBD_LL_Start
 .text.USBD_LL_OpenEP
                0x08009ada       0x4c ./USB_DEVICE/Target/usbd_conf.o
                0x08009ada                USBD_LL_OpenEP
 .text.USBD_LL_CloseEP
                0x08009b26       0x3e ./USB_DEVICE/Target/usbd_conf.o
                0x08009b26                USBD_LL_CloseEP
 .text.USBD_LL_StallEP
                0x08009b64       0x3e ./USB_DEVICE/Target/usbd_conf.o
                0x08009b64                USBD_LL_StallEP
 .text.USBD_LL_ClearStallEP
                0x08009ba2       0x3e ./USB_DEVICE/Target/usbd_conf.o
                0x08009ba2                USBD_LL_ClearStallEP
 .text.USBD_LL_IsStallEP
                0x08009be0       0x58 ./USB_DEVICE/Target/usbd_conf.o
                0x08009be0                USBD_LL_IsStallEP
 .text.USBD_LL_SetUSBAddress
                0x08009c38       0x3e ./USB_DEVICE/Target/usbd_conf.o
                0x08009c38                USBD_LL_SetUSBAddress
 .text.USBD_LL_Transmit
                0x08009c76       0x42 ./USB_DEVICE/Target/usbd_conf.o
                0x08009c76                USBD_LL_Transmit
 .text.USBD_LL_PrepareReceive
                0x08009cb8       0x42 ./USB_DEVICE/Target/usbd_conf.o
                0x08009cb8                USBD_LL_PrepareReceive
 .text.USBD_LL_GetRxDataSize
                0x08009cfa       0x26 ./USB_DEVICE/Target/usbd_conf.o
                0x08009cfa                USBD_LL_GetRxDataSize
 .text.HAL_PCDEx_LPM_Callback
                0x08009d20       0x9c ./USB_DEVICE/Target/usbd_conf.o
                0x08009d20                HAL_PCDEx_LPM_Callback
 .text.USBD_static_malloc
                0x08009dbc       0x1c ./USB_DEVICE/Target/usbd_conf.o
                0x08009dbc                USBD_static_malloc
 .text.USBD_static_free
                0x08009dd8       0x14 ./USB_DEVICE/Target/usbd_conf.o
                0x08009dd8                USBD_static_free
 .text.USBD_Get_USB_Status
                0x08009dec       0x58 ./USB_DEVICE/Target/usbd_conf.o
                0x08009dec                USBD_Get_USB_Status
 .text.memset   0x08009e44       0x10 C:/ST/STM32CubeIDE_2.0.0/STM32CubeIDE/plugins/com.st.stm32cube.ide.mcu.externaltools.gnu-tools-for-stm32.13.3.rel1.win32_1.0.100.202509120712/tools/bin/../lib/gcc/arm-none-eabi/13.3.1/../../../../arm-none-eabi/lib/thumb/v7e-m+fp/hard\libc_nano.a(libc_a-memset.o)
                0x08009e44                memset
 .text.__libc_init_array
                0x08009e54       0x48 C:/ST/STM32CubeIDE_2.0.0/STM32CubeIDE/plugins/com.st.stm32cube.ide.mcu.externaltools.gnu-tools-for-stm32.13.3.rel1.win32_1.0.100.202509120712/tools/bin/../lib/gcc/arm-none-eabi/13.3.1/../../../../arm-none-eabi/lib/thumb/v7e-m+fp/hard\libc_nano.a(libc_a-init.o)
                0x08009e54                __libc_init_array
 *(.glue_7)
 .glue_7        0x08009e9c        0x0 linker stubs
 *(.glue_7t)
 .glue_7t       0x08009e9c        0x0 linker stubs
 *(.eh_frame)
 .eh_frame      0x08009e9c        0x0 C:/ST/STM32CubeIDE_2.0.0/STM32CubeIDE/plugins/com.st.stm32cube.ide.mcu.externaltools.gnu-tools-for-stm32.13.3.rel1.win32_1.0.100.202509120712/tools/bin/../lib/gcc/arm-none-eabi/13.3.1/thumb/v7e-m+fp/hard/crtbegin.o
 *(.init)
 .init          0x08009e9c        0x4 C:/ST/STM32CubeIDE_2.0.0/STM32CubeIDE/plugins/com.st.stm32cube.ide.mcu.externaltools.gnu-tools-for-stm32.13.3.rel1.win32_1.0.100.202509120712/tools/bin/../lib/gcc/arm-none-eabi/13.3.1/thumb/v7e-m+fp/hard/crti.o
                0x08009e9c                _init
 .init          0x08009ea0        0x8 C:/ST/STM32CubeIDE_2.0.0/STM32CubeIDE/plugins/com.st.stm32cube.ide.mcu.externaltools.gnu-tools-for-stm32.13.3.rel1.win32_1.0.100.202509120712/tools/bin/../lib/gcc/arm-none-eabi/13.3.1/thumb/v7e-m+fp/hard/crtn.o
 *(.fini)
 .fini          0x08009ea8        0x4 C:/ST/STM32CubeIDE_2.0.0/STM32CubeIDE/plugins/com.st.stm32cube.ide.mcu.externaltools.gnu-tools-for-stm32.13.3.rel1.win32_1.0.100.202509120712/tools/bin/../lib/gcc/arm-none-eabi/13.3.1/thumb/v7e-m+fp/hard/crti.o
                0x08009ea8                _fini
 .fini          0x08009eac        0x8 C:/ST/STM32CubeIDE_2.0.0/STM32CubeIDE/plugins/com.st.stm32cube.ide.mcu.externaltools.gnu-tools-for-stm32.13.3.rel1.win32_1.0.100.202509120712/tools/bin/../lib/gcc/arm-none-eabi/13.3.1/thumb/v7e-m+fp/hard/crtn.o
                0x08009eb4                        . = ALIGN (0x4)
                0x08009eb4                        _etext = .

.vfp11_veneer   0x08009eb4        0x0
 .vfp11_veneer  0x08009eb4        0x0 linker stubs

.v4_bx          0x08009eb4        0x0
 .v4_bx         0x08009eb4        0x0 linker stubs

.iplt           0x08009eb4        0x0
 .iplt          0x08009eb4        0x0 C:/ST/STM32CubeIDE_2.0.0/STM32CubeIDE/plugins/com.st.stm32cube.ide.mcu.externaltools.gnu-tools-for-stm32.13.3.rel1.win32_1.0.100.202509120712/tools/bin/../lib/gcc/arm-none-eabi/13.3.1/thumb/v7e-m+fp/hard/crtbegin.o

.rodata         0x08009eb4       0x68
                0x08009eb4                        . = ALIGN (0x4)
 *(.rodata)
 .rodata        0x08009eb4       0x46 ./USB_DEVICE/App/usbd_desc.o
 *(.rodata*)
 *fill*         0x08009efa        0x2 
 .rodata.AHBPrescTable
                0x08009efc       0x10 ./Core/Src/system_stm32f4xx.o
                0x08009efc                AHBPrescTable
 .rodata.APBPrescTable
                0x08009f0c        0x8 ./Core/Src/system_stm32f4xx.o
                0x08009f0c                APBPrescTable
 .rodata.flagBitshiftOffset.0
                0x08009f14        0x8 ./Drivers/STM32F4xx_HAL_Driver/Src/stm32f4xx_hal_dma.o
                0x08009f1c                        . = ALIGN (0x4)

.ARM.extab      0x08009f1c        0x0
                0x08009f1c                        . = ALIGN (0x4)
 *(.ARM.extab* .gnu.linkonce.armextab.*)
                0x08009f1c                        . = ALIGN (0x4)

.ARM            0x08009f1c        0x8
                0x08009f1c                        . = ALIGN (0x4)
                0x08009f1c                        __exidx_start = .
 *(.ARM.exidx*)
 .ARM.exidx     0x08009f1c        0x8 C:/ST/STM32CubeIDE_2.0.0/STM32CubeIDE/plugins/com.st.stm32cube.ide.mcu.externaltools.gnu-tools-for-stm32.13.3.rel1.win32_1.0.100.202509120712/tools/bin/../lib/gcc/arm-none-eabi/13.3.1/thumb/v7e-m+fp/hard\libgcc.a(_udivmoddi4.o)
                0x08009f24                        __exidx_end = .
                0x08009f24                        . = ALIGN (0x4)

.preinit_array  0x08009f24        0x0
                0x08009f24                        . = ALIGN (0x4)
                0x08009f24                        PROVIDE (__preinit_array_start = .)
 *(.preinit_array*)
                0x08009f24                        PROVIDE (__preinit_array_end = .)
                0x08009f24                        . = ALIGN (0x4)

.init_array     0x08009f24        0x4
                0x08009f24                        . = ALIGN (0x4)
                0x08009f24                        PROVIDE (__init_array_start = .)
 *(SORT_BY_NAME(.init_array.*))
 *(.init_array*)
 .init_array    0x08009f24        0x4 C:/ST/STM32CubeIDE_2.0.0/STM32CubeIDE/plugins/com.st.stm32cube.ide.mcu.externaltools.gnu-tools-for-stm32.13.3.rel1.win32_1.0.100.202509120712/tools/bin/../lib/gcc/arm-none-eabi/13.3.1/thumb/v7e-m+fp/hard/crtbegin.o
                0x08009f28                        PROVIDE (__init_array_end = .)
                0x08009f28                        . = ALIGN (0x4)

.fini_array     0x08009f28        0x4
                0x08009f28                        . = ALIGN (0x4)
                [!provide]                        PROVIDE (__fini_array_start = .)
 *(SORT_BY_NAME(.fini_array.*))
 *(.fini_array*)
 .fini_array    0x08009f28        0x4 C:/ST/STM32CubeIDE_2.0.0/STM32CubeIDE/plugins/com.st.stm32cube.ide.mcu.externaltools.gnu-tools-for-stm32.13.3.rel1.win32_1.0.100.202509120712/tools/bin/../lib/gcc/arm-none-eabi/13.3.1/thumb/v7e-m+fp/hard/crtbegin.o
                [!provide]                        PROVIDE (__fini_array_end = .)
                0x08009f2c                        . = ALIGN (0x4)
                0x08009f2c                        _sidata = LOADADDR (.data)

.rel.dyn        0x08009f2c        0x0
 .rel.iplt      0x08009f2c        0x0 C:/ST/STM32CubeIDE_2.0.0/STM32CubeIDE/plugins/com.st.stm32cube.ide.mcu.externaltools.gnu-tools-for-stm32.13.3.rel1.win32_1.0.100.202509120712/tools/bin/../lib/gcc/arm-none-eabi/13.3.1/thumb/v7e-m+fp/hard/crtbegin.o

.data           0x20000000      0x10c load address 0x08009f2c
                0x20000000                        . = ALIGN (0x4)
                0x20000000                        _sdata = .
 *(.data)
 *(.data*)
 .data.SystemCoreClock
                0x20000000        0x4 ./Core/Src/system_stm32f4xx.o
                0x20000000                SystemCoreClock
 .data.uwTickPrio
                0x20000004        0x4 ./Drivers/STM32F4xx_HAL_Driver/Src/stm32f4xx_hal.o
                0x20000004                uwTickPrio
 .data.uwTickFreq
                0x20000008        0x1 ./Drivers/STM32F4xx_HAL_Driver/Src/stm32f4xx_hal.o
                0x20000008                uwTickFreq
 *fill*         0x20000009        0x3 
 .data.USBD_CDC_DeviceQualifierDesc
                0x2000000c        0xa ./Middlewares/ST/STM32_USB_Device_Library/Class/CDC/Src/usbd_cdc.o
 *fill*         0x20000016        0x2 
 .data.USBD_CDC
                0x20000018       0x38 ./Middlewares/ST/STM32_USB_Device_Library/Class/CDC/Src/usbd_cdc.o
                0x20000018                USBD_CDC
 .data.USBD_CDC_CfgDesc
                0x20000050       0x43 ./Middlewares/ST/STM32_USB_Device_Library/Class/CDC/Src/usbd_cdc.o
 .data.CDCInEpAdd
                0x20000093        0x1 ./Middlewares/ST/STM32_USB_Device_Library/Class/CDC/Src/usbd_cdc.o
 .data.CDCOutEpAdd
                0x20000094        0x1 ./Middlewares/ST/STM32_USB_Device_Library/Class/CDC/Src/usbd_cdc.o
 .data.CDCCmdEpAdd
                0x20000095        0x1 ./Middlewares/ST/STM32_USB_Device_Library/Class/CDC/Src/usbd_cdc.o
 *fill*         0x20000096        0x2 
 .data.USBD_Interface_fops_FS
                0x20000098       0x14 ./USB_DEVICE/App/usbd_cdc_if.o
                0x20000098                USBD_Interface_fops_FS
 .data.FS_Desc  0x200000ac       0x20 ./USB_DEVICE/App/usbd_desc.o
                0x200000ac                FS_Desc
 .data.USBD_FS_DeviceDesc
                0x200000cc       0x12 ./USB_DEVICE/App/usbd_desc.o
                0x200000cc                USBD_FS_DeviceDesc
 *fill*         0x200000de        0x2 
 .data.USBD_FS_BOSDesc
                0x200000e0        0xc ./USB_DEVICE/App/usbd_desc.o
                0x200000e0                USBD_FS_BOSDesc
 .data.USBD_LangIDDesc
                0x200000ec        0x4 ./USB_DEVICE/App/usbd_desc.o
                0x200000ec                USBD_LangIDDesc
 .data.USBD_StringSerial
                0x200000f0       0x1a ./USB_DEVICE/App/usbd_desc.o
                0x200000f0                USBD_StringSerial
 *(.RamFunc)
 *(.RamFunc*)
                0x2000010c                        . = ALIGN (0x4)
 *fill*         0x2000010a        0x2 
                0x2000010c                        _edata = .

.igot.plt       0x2000010c        0x0 load address 0x0800a038
 .igot.plt      0x2000010c        0x0 C:/ST/STM32CubeIDE_2.0.0/STM32CubeIDE/plugins/com.st.stm32cube.ide.mcu.externaltools.gnu-tools-for-stm32.13.3.rel1.win32_1.0.100.202509120712/tools/bin/../lib/gcc/arm-none-eabi/13.3.1/thumb/v7e-m+fp/hard/crtbegin.o
                0x2000010c                        . = ALIGN (0x4)

.bss            0x2000010c     0x2130 load address 0x0800a038
                0x2000010c                        _sbss = .
                0x2000010c                        __bss_start__ = _sbss
 *(.bss)
 .bss           0x2000010c       0x1c C:/ST/STM32CubeIDE_2.0.0/STM32CubeIDE/plugins/com.st.stm32cube.ide.mcu.externaltools.gnu-tools-for-stm32.13.3.rel1.win32_1.0.100.202509120712/tools/bin/../lib/gcc/arm-none-eabi/13.3.1/thumb/v7e-m+fp/hard/crtbegin.o
 *(.bss*)
 .bss.hcan1     0x20000128       0x28 ./Core/Src/main.o
                0x20000128                hcan1
 .bss.htim1     0x20000150       0x48 ./Core/Src/main.o
                0x20000150                htim1
 .bss.hdma_tim1_up
                0x20000198       0x60 ./Core/Src/main.o
                0x20000198                hdma_tim1_up
 .bss.huart2    0x200001f8       0x48 ./Core/Src/main.o
                0x200001f8                huart2
 .bss.dma_buf   0x20000240      0x400 ./Core/Src/main.o
                0x20000240                dma_buf
 .bss.can_seq_num
                0x20000640        0x1 ./Core/Src/main.o
 *fill*         0x20000641        0x3 
 .bss.packet.0  0x20000644        0xf ./Core/Src/main.o
 *fill*         0x20000653        0x1 
 .bss.uwTick    0x20000654        0x4 ./Drivers/STM32F4xx_HAL_Driver/Src/stm32f4xx_hal.o
                0x20000654                uwTick
 .bss.cfgidx.0  0x20000658        0x1 ./Middlewares/ST/STM32_USB_Device_Library/Core/Src/usbd_ctlreq.o
 *fill*         0x20000659        0x3 
 .bss.hUsbDeviceFS
                0x2000065c      0x2dc ./USB_DEVICE/App/usb_device.o
                0x2000065c                hUsbDeviceFS
 .bss.UserRxBufferFS
                0x20000938      0x800 ./USB_DEVICE/App/usbd_cdc_if.o
                0x20000938                UserRxBufferFS
 .bss.UserTxBufferFS
                0x20001138      0x800 ./USB_DEVICE/App/usbd_cdc_if.o
                0x20001138                UserTxBufferFS
 .bss.USBD_StrDesc
                0x20001938      0x200 ./USB_DEVICE/App/usbd_desc.o
                0x20001938                USBD_StrDesc
 .bss.hpcd_USB_OTG_FS
                0x20001b38      0x4e4 ./USB_DEVICE/Target/usbd_conf.o
                0x20001b38                hpcd_USB_OTG_FS
 .bss.mem.0     0x2000201c      0x220 ./USB_DEVICE/Target/usbd_conf.o
 *(COMMON)
                0x2000223c                        . = ALIGN (0x4)
                0x2000223c                        _ebss = .
                0x2000223c                        __bss_end__ = _ebss

._user_heap_stack
                0x2000223c      0x604 load address 0x0800a038
                0x20002240                        . = ALIGN (0x8)
 *fill*         0x2000223c        0x4 
                [!provide]                        PROVIDE (end = .)
                0x20002240                        PROVIDE (_end = .)
                0x20002440                        . = (. + _Min_Heap_Size)
 *fill*         0x20002240      0x200 
                0x20002840                        . = (. + _Min_Stack_Size)
 *fill*         0x20002440      0x400 
                0x20002840                        . = ALIGN (0x8)

/DISCARD/
 libc.a(*)
 libm.a(*)
 libgcc.a(*)

.ARM.attributes
                0x00000000       0x30
 *(.ARM.attributes)
 .ARM.attributes
                0x00000000       0x22 C:/ST/STM32CubeIDE_2.0.0/STM32CubeIDE/plugins/com.st.stm32cube.ide.mcu.externaltools.gnu-tools-for-stm32.13.3.rel1.win32_1.0.100.202509120712/tools/bin/../lib/gcc/arm-none-eabi/13.3.1/thumb/v7e-m+fp/hard/crti.o
 .ARM.attributes
                0x00000022       0x34 C:/ST/STM32CubeIDE_2.0.0/STM32CubeIDE/plugins/com.st.stm32cube.ide.mcu.externaltools.gnu-tools-for-stm32.13.3.rel1.win32_1.0.100.202509120712/tools/bin/../lib/gcc/arm-none-eabi/13.3.1/thumb/v7e-m+fp/hard/crtbegin.o
 .ARM.attributes
                0x00000056       0x34 ./Core/Src/main.o
 .ARM.attributes
                0x0000008a       0x34 ./Core/Src/stm32f4xx_hal_msp.o
 .ARM.attributes
                0x000000be       0x34 ./Core/Src/stm32f4xx_it.o
 .ARM.attributes
                0x000000f2       0x34 ./Core/Src/system_stm32f4xx.o
 .ARM.attributes
                0x00000126       0x21 ./Core/Startup/startup_stm32f446retx.o
 .ARM.attributes
                0x00000147       0x34 ./Drivers/STM32F4xx_HAL_Driver/Src/stm32f4xx_hal.o
 .ARM.attributes
                0x0000017b       0x34 ./Drivers/STM32F4xx_HAL_Driver/Src/stm32f4xx_hal_can.o
 .ARM.attributes
                0x000001af       0x34 ./Drivers/STM32F4xx_HAL_Driver/Src/stm32f4xx_hal_cortex.o
 .ARM.attributes
                0x000001e3       0x34 ./Drivers/STM32F4xx_HAL_Driver/Src/stm32f4xx_hal_dma.o
 .ARM.attributes
                0x00000217       0x34 ./Drivers/STM32F4xx_HAL_Driver/Src/stm32f4xx_hal_gpio.o
 .ARM.attributes
                0x0000024b       0x34 ./Drivers/STM32F4xx_HAL_Driver/Src/stm32f4xx_hal_pcd.o
 .ARM.attributes
                0x0000027f       0x34 ./Drivers/STM32F4xx_HAL_Driver/Src/stm32f4xx_hal_pcd_ex.o
 .ARM.attributes
                0x000002b3       0x34 ./Drivers/STM32F4xx_HAL_Driver/Src/stm32f4xx_hal_rcc.o
 .ARM.attributes
                0x000002e7       0x34 ./Drivers/STM32F4xx_HAL_Driver/Src/stm32f4xx_hal_rcc_ex.o
 .ARM.attributes
                0x0000031b       0x34 ./Drivers/STM32F4xx_HAL_Driver/Src/stm32f4xx_hal_tim.o
 .ARM.attributes
                0x0000034f       0x34 ./Drivers/STM32F4xx_HAL_Driver/Src/stm32f4xx_hal_tim_ex.o
 .ARM.attributes
                0x00000383       0x34 ./Drivers/STM32F4xx_HAL_Driver/Src/stm32f4xx_hal_uart.o
 .ARM.attributes
                0x000003b7       0x34 ./Drivers/STM32F4xx_HAL_Driver/Src/stm32f4xx_ll_usb.o
 .ARM.attributes
                0x000003eb       0x34 ./Middlewares/ST/STM32_USB_Device_Library/Class/CDC/Src/usbd_cdc.o
 .ARM.attributes
                0x0000041f       0x34 ./Middlewares/ST/STM32_USB_Device_Library/Core/Src/usbd_core.o
 .ARM.attributes
                0x00000453       0x34 ./Middlewares/ST/STM32_USB_Device_Library/Core/Src/usbd_ctlreq.o
 .ARM.attributes
                0x00000487       0x34 ./Middlewares/ST/STM32_USB_Device_Library/Core/Src/usbd_ioreq.o
 .ARM.attributes
                0x000004bb       0x34 ./USB_DEVICE/App/usb_device.o
 .ARM.attributes
                0x000004ef       0x34 ./USB_DEVICE/App/usbd_cdc_if.o
 .ARM.attributes
                0x00000523       0x34 ./USB_DEVICE/App/usbd_desc.o
 .ARM.attributes
                0x00000557       0x34 ./USB_DEVICE/Target/usbd_conf.o
 .ARM.attributes
                0x0000058b       0x34 C:/ST/STM32CubeIDE_2.0.0/STM32CubeIDE/plugins/com.st.stm32cube.ide.mcu.externaltools.gnu-tools-for-stm32.13.3.rel1.win32_1.0.100.202509120712/tools/bin/../lib/gcc/arm-none-eabi/13.3.1/../../../../arm-none-eabi/lib/thumb/v7e-m+fp/hard\libc_nano.a(libc_a-memset.o)
 .ARM.attributes
                0x000005bf       0x34 C:/ST/STM32CubeIDE_2.0.0/STM32CubeIDE/plugins/com.st.stm32cube.ide.mcu.externaltools.gnu-tools-for-stm32.13.3.rel1.win32_1.0.100.202509120712/tools/bin/../lib/gcc/arm-none-eabi/13.3.1/../../../../arm-none-eabi/lib/thumb/v7e-m+fp/hard\libc_nano.a(libc_a-init.o)
 .ARM.attributes
                0x000005f3       0x22 C:/ST/STM32CubeIDE_2.0.0/STM32CubeIDE/plugins/com.st.stm32cube.ide.mcu.externaltools.gnu-tools-for-stm32.13.3.rel1.win32_1.0.100.202509120712/tools/bin/../lib/gcc/arm-none-eabi/13.3.1/thumb/v7e-m+fp/hard\libgcc.a(_aeabi_uldivmod.o)
 .ARM.attributes
                0x00000615       0x34 C:/ST/STM32CubeIDE_2.0.0/STM32CubeIDE/plugins/com.st.stm32cube.ide.mcu.externaltools.gnu-tools-for-stm32.13.3.rel1.win32_1.0.100.202509120712/tools/bin/../lib/gcc/arm-none-eabi/13.3.1/thumb/v7e-m+fp/hard\libgcc.a(_udivmoddi4.o)
 .ARM.attributes
                0x00000649       0x22 C:/ST/STM32CubeIDE_2.0.0/STM32CubeIDE/plugins/com.st.stm32cube.ide.mcu.externaltools.gnu-tools-for-stm32.13.3.rel1.win32_1.0.100.202509120712/tools/bin/../lib/gcc/arm-none-eabi/13.3.1/thumb/v7e-m+fp/hard\libgcc.a(_dvmd_tls.o)
 .ARM.attributes
                0x0000066b       0x22 C:/ST/STM32CubeIDE_2.0.0/STM32CubeIDE/plugins/com.st.stm32cube.ide.mcu.externaltools.gnu-tools-for-stm32.13.3.rel1.win32_1.0.100.202509120712/tools/bin/../lib/gcc/arm-none-eabi/13.3.1/thumb/v7e-m+fp/hard/crtn.o
OUTPUT(Software.elf elf32-littlearm)
LOAD linker stubs
LOAD C:/ST/STM32CubeIDE_2.0.0/STM32CubeIDE/plugins/com.st.stm32cube.ide.mcu.externaltools.gnu-tools-for-stm32.13.3.rel1.win32_1.0.100.202509120712/tools/bin/../lib/gcc/arm-none-eabi/13.3.1/../../../../arm-none-eabi/lib/thumb/v7e-m+fp/hard\libc.a
LOAD C:/ST/STM32CubeIDE_2.0.0/STM32CubeIDE/plugins/com.st.stm32cube.ide.mcu.externaltools.gnu-tools-for-stm32.13.3.rel1.win32_1.0.100.202509120712/tools/bin/../lib/gcc/arm-none-eabi/13.3.1/../../../../arm-none-eabi/lib/thumb/v7e-m+fp/hard\libm.a
LOAD C:/ST/STM32CubeIDE_2.0.0/STM32CubeIDE/plugins/com.st.stm32cube.ide.mcu.externaltools.gnu-tools-for-stm32.13.3.rel1.win32_1.0.100.202509120712/tools/bin/../lib/gcc/arm-none-eabi/13.3.1/thumb/v7e-m+fp/hard\libgcc.a

.debug_info     0x00000000    0x19ba2
 .debug_info    0x00000000     0x1b8e ./Core/Src/main.o
 .debug_info    0x00001b8e     0x1449 ./Core/Src/stm32f4xx_hal_msp.o
 .debug_info    0x00002fd7     0x103e ./Core/Src/stm32f4xx_it.o
 .debug_info    0x00004015      0x54a ./Core/Src/system_stm32f4xx.o
 .debug_info    0x0000455f       0x30 ./Core/Startup/startup_stm32f446retx.o
 .debug_info    0x0000458f      0x99a ./Drivers/STM32F4xx_HAL_Driver/Src/stm32f4xx_hal.o
 .debug_info    0x00004f29      0xf44 ./Drivers/STM32F4xx_HAL_Driver/Src/stm32f4xx_hal_can.o
 .debug_info    0x00005e6d      0xdaa ./Drivers/STM32F4xx_HAL_Driver/Src/stm32f4xx_hal_cortex.o
 .debug_info    0x00006c17      0x8e7 ./Drivers/STM32F4xx_HAL_Driver/Src/stm32f4xx_hal_dma.o
 .debug_info    0x000074fe      0x70b ./Drivers/STM32F4xx_HAL_Driver/Src/stm32f4xx_hal_gpio.o
 .debug_info    0x00007c09     0x15e3 ./Drivers/STM32F4xx_HAL_Driver/Src/stm32f4xx_hal_pcd.o
 .debug_info    0x000091ec      0x7b4 ./Drivers/STM32F4xx_HAL_Driver/Src/stm32f4xx_hal_pcd_ex.o
 .debug_info    0x000099a0      0x8ff ./Drivers/STM32F4xx_HAL_Driver/Src/stm32f4xx_hal_rcc.o
 .debug_info    0x0000a29f      0x960 ./Drivers/STM32F4xx_HAL_Driver/Src/stm32f4xx_hal_rcc_ex.o
 .debug_info    0x0000abff     0x299d ./Drivers/STM32F4xx_HAL_Driver/Src/stm32f4xx_hal_tim.o
 .debug_info    0x0000d59c     0x14db ./Drivers/STM32F4xx_HAL_Driver/Src/stm32f4xx_hal_tim_ex.o
 .debug_info    0x0000ea77     0x2f4f ./Drivers/STM32F4xx_HAL_Driver/Src/stm32f4xx_hal_uart.o
 .debug_info    0x000119c6     0x19f1 ./Drivers/STM32F4xx_HAL_Driver/Src/stm32f4xx_ll_usb.o
 .debug_info    0x000133b7     0x1323 ./Middlewares/ST/STM32_USB_Device_Library/Class/CDC/Src/usbd_cdc.o
 .debug_info    0x000146da      0xe1f ./Middlewares/ST/STM32_USB_Device_Library/Core/Src/usbd_core.o
 .debug_info    0x000154f9      0xaf8 ./Middlewares/ST/STM32_USB_Device_Library/Core/Src/usbd_ctlreq.o
 .debug_info    0x00015ff1      0x76f ./Middlewares/ST/STM32_USB_Device_Library/Core/Src/usbd_ioreq.o
 .debug_info    0x00016760      0x71b ./USB_DEVICE/App/usb_device.o
 .debug_info    0x00016e7b      0x914 ./USB_DEVICE/App/usbd_cdc_if.o
 .debug_info    0x0001778f      0x4ba ./USB_DEVICE/App/usbd_desc.o
 .debug_info    0x00017c49     0x1f59 ./USB_DEVICE/Target/usbd_conf.o

.debug_abbrev   0x00000000     0x3ba3
 .debug_abbrev  0x00000000      0x351 ./Core/Src/main.o
 .debug_abbrev  0x00000351      0x27b ./Core/Src/stm32f4xx_hal_msp.o
 .debug_abbrev  0x000005cc      0x1f8 ./Core/Src/stm32f4xx_it.o
 .debug_abbrev  0x000007c4      0x11a ./Core/Src/system_stm32f4xx.o
 .debug_abbrev  0x000008de       0x24 ./Core/Startup/startup_stm32f446retx.o
 .debug_abbrev  0x00000902      0x214 ./Drivers/STM32F4xx_HAL_Driver/Src/stm32f4xx_hal.o
 .debug_abbrev  0x00000b16      0x25a ./Drivers/STM32F4xx_HAL_Driver/Src/stm32f4xx_hal_can.o
 .debug_abbrev  0x00000d70      0x31d ./Drivers/STM32F4xx_HAL_Driver/Src/stm32f4xx_hal_cortex.o
 .debug_abbrev  0x0000108d      0x264 ./Drivers/STM32F4xx_HAL_Driver/Src/stm32f4xx_hal_dma.o
 .debug_abbrev  0x000012f1      0x1d4 ./Drivers/STM32F4xx_HAL_Driver/Src/stm32f4xx_hal_gpio.o
 .debug_abbrev  0x000014c5      0x2d0 ./Drivers/STM32F4xx_HAL_Driver/Src/stm32f4xx_hal_pcd.o
 .debug_abbrev  0x00001795      0x1dd ./Drivers/STM32F4xx_HAL_Driver/Src/stm32f4xx_hal_pcd_ex.o
 .debug_abbrev  0x00001972      0x2b7 ./Drivers/STM32F4xx_HAL_Driver/Src/stm32f4xx_hal_rcc.o
 .debug_abbrev  0x00001c29      0x211 ./Drivers/STM32F4xx_HAL_Driver/Src/stm32f4xx_hal_rcc_ex.o
 .debug_abbrev  0x00001e3a      0x278 ./Drivers/STM32F4xx_HAL_Driver/Src/stm32f4xx_hal_tim.o
 .debug_abbrev  0x000020b2      0x283 ./Drivers/STM32F4xx_HAL_Driver/Src/stm32f4xx_hal_tim_ex.o
 .debug_abbrev  0x00002335      0x30e ./Drivers/STM32F4xx_HAL_Driver/Src/stm32f4xx_hal_uart.o
 .debug_abbrev  0x00002643      0x2b3 ./Drivers/STM32F4xx_HAL_Driver/Src/stm32f4xx_ll_usb.o
 .debug_abbrev  0x000028f6      0x2d2 ./Middlewares/ST/STM32_USB_Device_Library/Class/CDC/Src/usbd_cdc.o
 .debug_abbrev  0x00002bc8      0x27c ./Middlewares/ST/STM32_USB_Device_Library/Core/Src/usbd_core.o
 .debug_abbrev  0x00002e44      0x26f ./Middlewares/ST/STM32_USB_Device_Library/Core/Src/usbd_ctlreq.o
 .debug_abbrev  0x000030b3      0x19a ./Middlewares/ST/STM32_USB_Device_Library/Core/Src/usbd_ioreq.o
 .debug_abbrev  0x0000324d      0x195 ./USB_DEVICE/App/usb_device.o
 .debug_abbrev  0x000033e2      0x29d ./USB_DEVICE/App/usbd_cdc_if.o
 .debug_abbrev  0x0000367f      0x1e3 ./USB_DEVICE/App/usbd_desc.o
 .debug_abbrev  0x00003862      0x341 ./USB_DEVICE/Target/usbd_conf.o

.debug_aranges  0x00000000     0x1578
 .debug_aranges
                0x00000000       0x78 ./Core/Src/main.o
 .debug_aranges
                0x00000078       0x50 ./Core/Src/stm32f4xx_hal_msp.o
 .debug_aranges
                0x000000c8       0x80 ./Core/Src/stm32f4xx_it.o
 .debug_aranges
                0x00000148       0x28 ./Core/Src/system_stm32f4xx.o
 .debug_aranges
                0x00000170       0x28 ./Core/Startup/startup_stm32f446retx.o
 .debug_aranges
                0x00000198       0xf0 ./Drivers/STM32F4xx_HAL_Driver/Src/stm32f4xx_hal.o
 .debug_aranges
                0x00000288      0x138 ./Drivers/STM32F4xx_HAL_Driver/Src/stm32f4xx_hal_can.o
 .debug_aranges
                0x000003c0      0x130 ./Drivers/STM32F4xx_HAL_Driver/Src/stm32f4xx_hal_cortex.o
 .debug_aranges
                0x000004f0       0x90 ./Drivers/STM32F4xx_HAL_Driver/Src/stm32f4xx_hal_dma.o
 .debug_aranges
                0x00000580       0x58 ./Drivers/STM32F4xx_HAL_Driver/Src/stm32f4xx_hal_gpio.o
 .debug_aranges
                0x000005d8      0x148 ./Drivers/STM32F4xx_HAL_Driver/Src/stm32f4xx_hal_pcd.o
 .debug_aranges
                0x00000720       0x48 ./Drivers/STM32F4xx_HAL_Driver/Src/stm32f4xx_hal_pcd_ex.o
 .debug_aranges
                0x00000768       0x88 ./Drivers/STM32F4xx_HAL_Driver/Src/stm32f4xx_hal_rcc.o
 .debug_aranges
                0x000007f0       0x78 ./Drivers/STM32F4xx_HAL_Driver/Src/stm32f4xx_hal_rcc_ex.o
 .debug_aranges
                0x00000868      0x3d0 ./Drivers/STM32F4xx_HAL_Driver/Src/stm32f4xx_hal_tim.o
 .debug_aranges
                0x00000c38      0x168 ./Drivers/STM32F4xx_HAL_Driver/Src/stm32f4xx_hal_tim_ex.o
 .debug_aranges
                0x00000da0      0x208 ./Drivers/STM32F4xx_HAL_Driver/Src/stm32f4xx_hal_uart.o
 .debug_aranges
                0x00000fa8      0x1a0 ./Drivers/STM32F4xx_HAL_Driver/Src/stm32f4xx_ll_usb.o
 .debug_aranges
                0x00001148       0x90 ./Middlewares/ST/STM32_USB_Device_Library/Class/CDC/Src/usbd_cdc.o
 .debug_aranges
                0x000011d8       0xd8 ./Middlewares/ST/STM32_USB_Device_Library/Core/Src/usbd_core.o
 .debug_aranges
                0x000012b0       0x90 ./Middlewares/ST/STM32_USB_Device_Library/Core/Src/usbd_ctlreq.o
 .debug_aranges
                0x00001340       0x50 ./Middlewares/ST/STM32_USB_Device_Library/Core/Src/usbd_ioreq.o
 .debug_aranges
                0x00001390       0x20 ./USB_DEVICE/App/usb_device.o
 .debug_aranges
                0x000013b0       0x48 ./USB_DEVICE/App/usbd_cdc_if.o
 .debug_aranges
                0x000013f8       0x68 ./USB_DEVICE/App/usbd_desc.o
 .debug_aranges
                0x00001460      0x118 ./USB_DEVICE/Target/usbd_conf.o

.debug_rnglists
                0x00000000     0x1091
 .debug_rnglists
                0x00000000       0x5b ./Core/Src/main.o
 .debug_rnglists
                0x0000005b       0x3a ./Core/Src/stm32f4xx_hal_msp.o
 .debug_rnglists
                0x00000095       0x5b ./Core/Src/stm32f4xx_it.o
 .debug_rnglists
                0x000000f0       0x1a ./Core/Src/system_stm32f4xx.o
 .debug_rnglists
                0x0000010a       0x19 ./Core/Startup/startup_stm32f446retx.o
 .debug_rnglists
                0x00000123       0xaf ./Drivers/STM32F4xx_HAL_Driver/Src/stm32f4xx_hal.o
 .debug_rnglists
                0x000001d2       0xee ./Drivers/STM32F4xx_HAL_Driver/Src/stm32f4xx_hal_can.o
 .debug_rnglists
                0x000002c0       0xe0 ./Drivers/STM32F4xx_HAL_Driver/Src/stm32f4xx_hal_cortex.o
 .debug_rnglists
                0x000003a0       0x70 ./Drivers/STM32F4xx_HAL_Driver/Src/stm32f4xx_hal_dma.o
 .debug_rnglists
                0x00000410       0x3f ./Drivers/STM32F4xx_HAL_Driver/Src/stm32f4xx_hal_gpio.o
 .debug_rnglists
                0x0000044f       0xfa ./Drivers/STM32F4xx_HAL_Driver/Src/stm32f4xx_hal_pcd.o
 .debug_rnglists
                0x00000549       0x32 ./Drivers/STM32F4xx_HAL_Driver/Src/stm32f4xx_hal_pcd_ex.o
 .debug_rnglists
                0x0000057b       0x66 ./Drivers/STM32F4xx_HAL_Driver/Src/stm32f4xx_hal_rcc.o
 .debug_rnglists
                0x000005e1       0x5e ./Drivers/STM32F4xx_HAL_Driver/Src/stm32f4xx_hal_rcc_ex.o
 .debug_rnglists
                0x0000063f      0x31a ./Drivers/STM32F4xx_HAL_Driver/Src/stm32f4xx_hal_tim.o
 .debug_rnglists
                0x00000959      0x125 ./Drivers/STM32F4xx_HAL_Driver/Src/stm32f4xx_hal_tim_ex.o
 .debug_rnglists
                0x00000a7e      0x1bc ./Drivers/STM32F4xx_HAL_Driver/Src/stm32f4xx_hal_uart.o
 .debug_rnglists
                0x00000c3a      0x147 ./Drivers/STM32F4xx_HAL_Driver/Src/stm32f4xx_ll_usb.o
 .debug_rnglists
                0x00000d81       0x6c ./Middlewares/ST/STM32_USB_Device_Library/Class/CDC/Src/usbd_cdc.o
 .debug_rnglists
                0x00000ded       0xa1 ./Middlewares/ST/STM32_USB_Device_Library/Core/Src/usbd_core.o
 .debug_rnglists
                0x00000e8e       0x6e ./Middlewares/ST/STM32_USB_Device_Library/Core/Src/usbd_ctlreq.o
 .debug_rnglists
                0x00000efc       0x37 ./Middlewares/ST/STM32_USB_Device_Library/Core/Src/usbd_ioreq.o
 .debug_rnglists
                0x00000f33       0x13 ./USB_DEVICE/App/usb_device.o
 .debug_rnglists
                0x00000f46       0x32 ./USB_DEVICE/App/usbd_cdc_if.o
 .debug_rnglists
                0x00000f78       0x49 ./USB_DEVICE/App/usbd_desc.o
 .debug_rnglists
                0x00000fc1       0xd0 ./USB_DEVICE/Target/usbd_conf.o

.debug_macro    0x00000000    0x254a0
 .debug_macro   0x00000000      0x3c5 ./Core/Src/main.o
 .debug_macro   0x000003c5      0xad8 ./Core/Src/main.o
 .debug_macro   0x00000e9d      0x2a7 ./Core/Src/main.o
 .debug_macro   0x00001144       0x2e ./Core/Src/main.o
 .debug_macro   0x00001172       0x28 ./Core/Src/main.o
 .debug_macro   0x0000119a       0x22 ./Core/Src/main.o
 .debug_macro   0x000011bc       0x8e ./Core/Src/main.o
 .debug_macro   0x0000124a       0x51 ./Core/Src/main.o
 .debug_macro   0x0000129b      0x103 ./Core/Src/main.o
 .debug_macro   0x0000139e       0x6a ./Core/Src/main.o
 .debug_macro   0x00001408      0x1df ./Core/Src/main.o
 .debug_macro   0x000015e7       0x1c ./Core/Src/main.o
 .debug_macro   0x00001603       0x22 ./Core/Src/main.o
 .debug_macro   0x00001625       0xfb ./Core/Src/main.o
 .debug_macro   0x00001720     0x1011 ./Core/Src/main.o
 .debug_macro   0x00002731      0x11f ./Core/Src/main.o
 .debug_macro   0x00002850    0x1675e ./Core/Src/main.o
 .debug_macro   0x00018fae       0x6d ./Core/Src/main.o
 .debug_macro   0x0001901b     0x3693 ./Core/Src/main.o
 .debug_macro   0x0001c6ae      0x190 ./Core/Src/main.o
 .debug_macro   0x0001c83e       0x5c ./Core/Src/main.o
 .debug_macro   0x0001c89a      0xca5 ./Core/Src/main.o
 .debug_macro   0x0001d53f      0x9e9 ./Core/Src/main.o
 .debug_macro   0x0001df28      0x115 ./Core/Src/main.o
 .debug_macro   0x0001e03d      0x1a0 ./Core/Src/main.o
 .debug_macro   0x0001e1dd       0xa5 ./Core/Src/main.o
 .debug_macro   0x0001e282      0x16d ./Core/Src/main.o
 .debug_macro   0x0001e3ef      0x287 ./Core/Src/main.o
 .debug_macro   0x0001e676       0x5f ./Core/Src/main.o
 .debug_macro   0x0001e6d5      0x236 ./Core/Src/main.o
 .debug_macro   0x0001e90b      0x40f ./Core/Src/main.o
 .debug_macro   0x0001ed1a      0x132 ./Core/Src/main.o
 .debug_macro   0x0001ee4c      0x29c ./Core/Src/main.o
 .debug_macro   0x0001f0e8       0x2e ./Core/Src/main.o
 .debug_macro   0x0001f116      0x127 ./Core/Src/main.o
 .debug_macro   0x0001f23d       0xe8 ./Core/Src/main.o
 .debug_macro   0x0001f325       0x89 ./Core/Src/main.o
 .debug_macro   0x0001f3ae      0x8ed ./Core/Src/main.o
 .debug_macro   0x0001fc9b       0x53 ./Core/Src/main.o
 .debug_macro   0x0001fcee      0x2aa ./Core/Src/main.o
 .debug_macro   0x0001ff98      0x293 ./Core/Src/main.o
 .debug_macro   0x0002022b       0xba ./Core/Src/main.o
 .debug_macro   0x000202e5      0x126 ./Core/Src/main.o
 .debug_macro   0x0002040b       0xc4 ./Core/Src/main.o
 .debug_macro   0x000204cf       0x61 ./Core/Src/main.o
 .debug_macro   0x00020530       0x2a ./Core/Src/main.o
 .debug_macro   0x0002055a       0x43 ./Core/Src/main.o
 .debug_macro   0x0002059d       0x34 ./Core/Src/main.o
 .debug_macro   0x000205d1       0x16 ./Core/Src/main.o
 .debug_macro   0x000205e7       0x3c ./Core/Src/main.o
 .debug_macro   0x00020623      0x370 ./Core/Src/main.o
 .debug_macro   0x00020993       0x10 ./Core/Src/main.o
 .debug_macro   0x000209a3       0x16 ./Core/Src/main.o
 .debug_macro   0x000209b9       0x4a ./Core/Src/main.o
 .debug_macro   0x00020a03       0x34 ./Core/Src/main.o
 .debug_macro   0x00020a37       0x10 ./Core/Src/main.o
 .debug_macro   0x00020a47       0x58 ./Core/Src/main.o
 .debug_macro   0x00020a9f       0x8e ./Core/Src/main.o
 .debug_macro   0x00020b2d       0x1c ./Core/Src/main.o
 .debug_macro   0x00020b49      0x185 ./Core/Src/main.o
 .debug_macro   0x00020cce       0x16 ./Core/Src/main.o
 .debug_macro   0x00020ce4       0x16 ./Core/Src/main.o
 .debug_macro   0x00020cfa      0x146 ./Core/Src/main.o
 .debug_macro   0x00020e40       0x16 ./Core/Src/main.o
 .debug_macro   0x00020e56       0x16 ./Core/Src/main.o
 .debug_macro   0x00020e6c       0x29 ./Core/Src/main.o
 .debug_macro   0x00020e95       0x16 ./Core/Src/main.o
 .debug_macro   0x00020eab       0x20 ./Core/Src/main.o
 .debug_macro   0x00020ecb       0x65 ./Core/Src/main.o
 .debug_macro   0x00020f30      0x20f ./Core/Src/main.o
 .debug_macro   0x0002113f       0x95 ./Core/Src/main.o
 .debug_macro   0x000211d4       0x10 ./Core/Src/main.o
 .debug_macro   0x000211e4      0x20b ./Core/Src/stm32f4xx_hal_msp.o
 .debug_macro   0x000213ef      0x215 ./Core/Src/stm32f4xx_it.o
 .debug_macro   0x00021604      0x1fc ./Core/Src/system_stm32f4xx.o
 .debug_macro   0x00021800      0x25c ./Drivers/STM32F4xx_HAL_Driver/Src/stm32f4xx_hal.o
 .debug_macro   0x00021a5c      0x20b ./Drivers/STM32F4xx_HAL_Driver/Src/stm32f4xx_hal_can.o
 .debug_macro   0x00021c67      0x1fc ./Drivers/STM32F4xx_HAL_Driver/Src/stm32f4xx_hal_cortex.o
 .debug_macro   0x00021e63      0x202 ./Drivers/STM32F4xx_HAL_Driver/Src/stm32f4xx_hal_dma.o
 .debug_macro   0x00022065      0x202 ./Drivers/STM32F4xx_HAL_Driver/Src/stm32f4xx_hal_gpio.o
 .debug_macro   0x00022267      0x208 ./Drivers/STM32F4xx_HAL_Driver/Src/stm32f4xx_hal_pcd.o
 .debug_macro   0x0002246f      0x1fc ./Drivers/STM32F4xx_HAL_Driver/Src/stm32f4xx_hal_pcd_ex.o
 .debug_macro   0x0002266b      0x220 ./Drivers/STM32F4xx_HAL_Driver/Src/stm32f4xx_hal_rcc.o
 .debug_macro   0x0002288b      0x1fc ./Drivers/STM32F4xx_HAL_Driver/Src/stm32f4xx_hal_rcc_ex.o
 .debug_macro   0x00022a87      0x1fd ./Drivers/STM32F4xx_HAL_Driver/Src/stm32f4xx_hal_tim.o
 .debug_macro   0x00022c84      0x1fc ./Drivers/STM32F4xx_HAL_Driver/Src/stm32f4xx_hal_tim_ex.o
 .debug_macro   0x00022e80      0x1fd ./Drivers/STM32F4xx_HAL_Driver/Src/stm32f4xx_hal_uart.o
 .debug_macro   0x0002307d      0x1fc ./Drivers/STM32F4xx_HAL_Driver/Src/stm32f4xx_ll_usb.o
 .debug_macro   0x00023279      0x39a ./Middlewares/ST/STM32_USB_Device_Library/Class/CDC/Src/usbd_cdc.o
 .debug_macro   0x00023613       0x9e ./Middlewares/ST/STM32_USB_Device_Library/Class/CDC/Src/usbd_cdc.o
 .debug_macro   0x000236b1      0x112 ./Middlewares/ST/STM32_USB_Device_Library/Class/CDC/Src/usbd_cdc.o
 .debug_macro   0x000237c3       0x56 ./Middlewares/ST/STM32_USB_Device_Library/Class/CDC/Src/usbd_cdc.o
 .debug_macro   0x00023819      0x381 ./Middlewares/ST/STM32_USB_Device_Library/Core/Src/usbd_core.o
 .debug_macro   0x00023b9a      0x215 ./Middlewares/ST/STM32_USB_Device_Library/Core/Src/usbd_core.o
 .debug_macro   0x00023daf      0x38b ./Middlewares/ST/STM32_USB_Device_Library/Core/Src/usbd_ctlreq.o
 .debug_macro   0x0002413a      0x387 ./Middlewares/ST/STM32_USB_Device_Library/Core/Src/usbd_ioreq.o
 .debug_macro   0x000244c1      0x3ba ./USB_DEVICE/App/usb_device.o
 .debug_macro   0x0002487b       0xca ./USB_DEVICE/App/usb_device.o
 .debug_macro   0x00024945       0x22 ./USB_DEVICE/App/usb_device.o
 .debug_macro   0x00024967       0x16 ./USB_DEVICE/App/usb_device.o
 .debug_macro   0x0002497d      0x3a5 ./USB_DEVICE/App/usbd_cdc_if.o
 .debug_macro   0x00024d22      0x3c4 ./USB_DEVICE/App/usbd_desc.o
 .debug_macro   0x000250e6       0x1c ./USB_DEVICE/App/usbd_desc.o
 .debug_macro   0x00025102      0x39e ./USB_DEVICE/Target/usbd_conf.o

.debug_line     0x00000000    0x1affe
 .debug_line    0x00000000      0xd6c ./Core/Src/main.o
 .debug_line    0x00000d6c      0x8ab ./Core/Src/stm32f4xx_hal_msp.o
 .debug_line    0x00001617      0x8b7 ./Core/Src/stm32f4xx_it.o
 .debug_line    0x00001ece      0x81e ./Core/Src/system_stm32f4xx.o
 .debug_line    0x000026ec       0x7a ./Core/Startup/startup_stm32f446retx.o
 .debug_line    0x00002766      0xa9a ./Drivers/STM32F4xx_HAL_Driver/Src/stm32f4xx_hal.o
 .debug_line    0x00003200     0x1259 ./Drivers/STM32F4xx_HAL_Driver/Src/stm32f4xx_hal_can.o
 .debug_line    0x00004459      0xd6a ./Drivers/STM32F4xx_HAL_Driver/Src/stm32f4xx_hal_cortex.o
 .debug_line    0x000051c3     0x1006 ./Drivers/STM32F4xx_HAL_Driver/Src/stm32f4xx_hal_dma.o
 .debug_line    0x000061c9      0xbde ./Drivers/STM32F4xx_HAL_Driver/Src/stm32f4xx_hal_gpio.o
 .debug_line    0x00006da7     0x1515 ./Drivers/STM32F4xx_HAL_Driver/Src/stm32f4xx_hal_pcd.o
 .debug_line    0x000082bc      0x8ba ./Drivers/STM32F4xx_HAL_Driver/Src/stm32f4xx_hal_pcd_ex.o
 .debug_line    0x00008b76      0xeb5 ./Drivers/STM32F4xx_HAL_Driver/Src/stm32f4xx_hal_rcc.o
 .debug_line    0x00009a2b     0x1566 ./Drivers/STM32F4xx_HAL_Driver/Src/stm32f4xx_hal_rcc_ex.o
 .debug_line    0x0000af91     0x380f ./Drivers/STM32F4xx_HAL_Driver/Src/stm32f4xx_hal_tim.o
 .debug_line    0x0000e7a0     0x19fa ./Drivers/STM32F4xx_HAL_Driver/Src/stm32f4xx_hal_tim_ex.o
 .debug_line    0x0001019a     0x25e2 ./Drivers/STM32F4xx_HAL_Driver/Src/stm32f4xx_hal_uart.o
 .debug_line    0x0001277c     0x1dbc ./Drivers/STM32F4xx_HAL_Driver/Src/stm32f4xx_ll_usb.o
 .debug_line    0x00014538      0xf08 ./Middlewares/ST/STM32_USB_Device_Library/Class/CDC/Src/usbd_cdc.o
 .debug_line    0x00015440      0xfc0 ./Middlewares/ST/STM32_USB_Device_Library/Core/Src/usbd_core.o
 .debug_line    0x00016400     0x119f ./Middlewares/ST/STM32_USB_Device_Library/Core/Src/usbd_ctlreq.o
 .debug_line    0x0001759f      0xac7 ./Middlewares/ST/STM32_USB_Device_Library/Core/Src/usbd_ioreq.o
 .debug_line    0x00018066      0xa8d ./USB_DEVICE/App/usb_device.o
 .debug_line    0x00018af3      0xae0 ./USB_DEVICE/App/usbd_cdc_if.o
 .debug_line    0x000195d3      0xb51 ./USB_DEVICE/App/usbd_desc.o
 .debug_line    0x0001a124      0xeda ./USB_DEVICE/Target/usbd_conf.o

.debug_str      0x00000000    0xd7c95
 .debug_str     0x00000000    0xd7c95 ./Core/Src/main.o
                              0xd2c2e (size before relaxing)
 .debug_str     0x000d7c95        0x0 ./Core/Src/stm32f4xx_hal_msp.o
                              0xce07e (size before relaxing)
 .debug_str     0x000d7c95        0x0 ./Core/Src/stm32f4xx_it.o
                              0xcdbbd (size before relaxing)
 .debug_str     0x000d7c95        0x0 ./Core/Src/system_stm32f4xx.o
                              0xccde9 (size before relaxing)
 .debug_str     0x000d7c95        0x0 ./Core/Startup/startup_stm32f446retx.o
                                 0x88 (size before relaxing)
 .debug_str     0x000d7c95        0x0 ./Drivers/STM32F4xx_HAL_Driver/Src/stm32f4xx_hal.o
                              0xcd9ae (size before relaxing)
 .debug_str     0x000d7c95        0x0 ./Drivers/STM32F4xx_HAL_Driver/Src/stm32f4xx_hal_can.o
                              0xcd4be (size before relaxing)
 .debug_str     0x000d7c95        0x0 ./Drivers/STM32F4xx_HAL_Driver/Src/stm32f4xx_hal_cortex.o
                              0xcd705 (size before relaxing)
 .debug_str     0x000d7c95        0x0 ./Drivers/STM32F4xx_HAL_Driver/Src/stm32f4xx_hal_dma.o
                              0xcd1de (size before relaxing)
 .debug_str     0x000d7c95        0x0 ./Drivers/STM32F4xx_HAL_Driver/Src/stm32f4xx_hal_gpio.o
                              0xccf64 (size before relaxing)
 .debug_str     0x000d7c95        0x0 ./Drivers/STM32F4xx_HAL_Driver/Src/stm32f4xx_hal_pcd.o
                              0xcd8fa (size before relaxing)
 .debug_str     0x000d7c95        0x0 ./Drivers/STM32F4xx_HAL_Driver/Src/stm32f4xx_hal_pcd_ex.o
                              0xcd1fc (size before relaxing)
 .debug_str     0x000d7c95        0x0 ./Drivers/STM32F4xx_HAL_Driver/Src/stm32f4xx_hal_rcc.o
                              0xcd222 (size before relaxing)
 .debug_str     0x000d7c95        0x0 ./Drivers/STM32F4xx_HAL_Driver/Src/stm32f4xx_hal_rcc_ex.o
                              0xcd255 (size before relaxing)
 .debug_str     0x000d7c95        0x0 ./Drivers/STM32F4xx_HAL_Driver/Src/stm32f4xx_hal_tim.o
                              0xce14e (size before relaxing)
 .debug_str     0x000d7c95        0x0 ./Drivers/STM32F4xx_HAL_Driver/Src/stm32f4xx_hal_tim_ex.o
                              0xcd95a (size before relaxing)
 .debug_str     0x000d7c95        0x0 ./Drivers/STM32F4xx_HAL_Driver/Src/stm32f4xx_hal_uart.o
                              0xcd7d9 (size before relaxing)
 .debug_str     0x000d7c95        0x0 ./Drivers/STM32F4xx_HAL_Driver/Src/stm32f4xx_ll_usb.o
                              0xcd7b6 (size before relaxing)
 .debug_str     0x000d7c95        0x0 ./Middlewares/ST/STM32_USB_Device_Library/Class/CDC/Src/usbd_cdc.o
                              0xd217b (size before relaxing)
 .debug_str     0x000d7c95        0x0 ./Middlewares/ST/STM32_USB_Device_Library/Core/Src/usbd_core.o
                              0xd1a9d (size before relaxing)
 .debug_str     0x000d7c95        0x0 ./Middlewares/ST/STM32_USB_Device_Library/Core/Src/usbd_ctlreq.o
                              0xd18c8 (size before relaxing)
 .debug_str     0x000d7c95        0x0 ./Middlewares/ST/STM32_USB_Device_Library/Core/Src/usbd_ioreq.o
                              0xd179d (size before relaxing)