../Core/Src/main.c:87:5:main	48	static
../Core/Src/main.c:191:6:SystemClock_Config	88	static
../Core/Src/main.c:238:13:MX_CAN1_Init	8	static
../Core/Src/main.c:275:13:MX_TIM1_Init	32	static
../Core/Src/main.c:321:13:MX_USART2_UART_Init	8	static
../Core/Src/main.c:352:13:MX_DMA_Init	16	static
../Core/Src/main.c:370:13:MX_GPIO_Init	48	static
../Core/Src/main.c:435:6:send_logic_packet	24	static
../Core/Src/main.c:461:6:HAL_DMA_XferHalfCpltCallback	16	static
../Core/Src/main.c:467:6:HAL_DMA_XferCpltCallback	16	static
../Core/Src/main.c:476:6:HAL_CAN_RxFifo0MsgPendingCallback	72	static
../Core/Src/main.c:533:6:Error_Handler	4	static,ignoring_inline_asm
